Component: ARM Compiler 5.06 update 4 (build 422) Tool: armlink [4d35d2]

==============================================================================

Section Cross References

    startup_stm32f103xb.o(RESET) refers to startup_stm32f103xb.o(STACK) for __initial_sp
    startup_stm32f103xb.o(RESET) refers to startup_stm32f103xb.o(.text) for Reset_Handler
    startup_stm32f103xb.o(RESET) refers to stm32f1xx_it.o(i.NMI_Handler) for NMI_Handler
    startup_stm32f103xb.o(RESET) refers to stm32f1xx_it.o(i.HardFault_Handler) for HardFault_Handler
    startup_stm32f103xb.o(RESET) refers to stm32f1xx_it.o(i.MemManage_Handler) for MemManage_Handler
    startup_stm32f103xb.o(RESET) refers to stm32f1xx_it.o(i.BusFault_Handler) for BusFault_Handler
    startup_stm32f103xb.o(RESET) refers to stm32f1xx_it.o(i.UsageFault_Handler) for UsageFault_Handler
    startup_stm32f103xb.o(RESET) refers to port.o(.emb_text) for SVC_Handler
    startup_stm32f103xb.o(RESET) refers to stm32f1xx_it.o(i.DebugMon_Handler) for DebugMon_Handler
    startup_stm32f103xb.o(RESET) refers to port.o(i.SysTick_Handler) for SysTick_Handler
    startup_stm32f103xb.o(RESET) refers to stm32f1xx_it.o(i.USB_LP_CAN1_RX0_IRQHandler) for USB_LP_CAN1_RX0_IRQHandler
    startup_stm32f103xb.o(RESET) refers to stm32f1xx_it.o(i.TIM1_UP_IRQHandler) for TIM1_UP_IRQHandler
    startup_stm32f103xb.o(RESET) refers to stm32f1xx_it.o(i.TIM2_IRQHandler) for TIM2_IRQHandler
    startup_stm32f103xb.o(.text) refers to system_stm32f1xx.o(i.SystemInit) for SystemInit
    startup_stm32f103xb.o(.text) refers to entry.o(.ARM.Collect$$$$00000000) for __main
    main.o(i.ConsumerStarttTask) refers to consumer.o(i.Consumer_Event) for Consumer_Event
    main.o(i.ConsumerStarttTask) refers to cmsis_os.o(i.osDelay) for osDelay
    main.o(i.Error_Handler) refers to stm32f1xx_hal.o(i.HAL_Delay) for HAL_Delay
    main.o(i.Error_Handler) refers to stm32f1xx_hal_gpio.o(i.HAL_GPIO_TogglePin) for HAL_GPIO_TogglePin
    main.o(i.HAL_TIM_PeriodElapsedCallback) refers to stm32f1xx_hal.o(i.HAL_IncTick) for HAL_IncTick
    main.o(i.HAL_TIM_PeriodElapsedCallback) refers to stm32f1xx_hal_gpio.o(i.HAL_GPIO_TogglePin) for HAL_GPIO_TogglePin
    main.o(i.HAL_TIM_PeriodElapsedCallback) refers to main.o(.data) for flag
    main.o(i.HAL_TIM_PeriodElapsedCallback) refers to dataout.o(.data) for OneConvert
    main.o(i.MX_CAN_Init) refers to stm32f1xx_hal_can.o(i.HAL_CAN_Init) for HAL_CAN_Init
    main.o(i.MX_CAN_Init) refers to main.o(i.Error_Handler) for Error_Handler
    main.o(i.MX_CAN_Init) refers to can_filter_init.o(i.Set_Can_Filter) for Set_Can_Filter
    main.o(i.MX_CAN_Init) refers to main.o(.bss) for hcan
    main.o(i.MX_GPIO_Init) refers to stm32f1xx_hal_gpio.o(i.HAL_GPIO_WritePin) for HAL_GPIO_WritePin
    main.o(i.MX_GPIO_Init) refers to stm32f1xx_hal_gpio.o(i.HAL_GPIO_Init) for HAL_GPIO_Init
    main.o(i.MX_SPI1_Init) refers to stm32f1xx_hal_spi.o(i.HAL_SPI_Init) for HAL_SPI_Init
    main.o(i.MX_SPI1_Init) refers to main.o(i.Error_Handler) for Error_Handler
    main.o(i.MX_SPI1_Init) refers to main.o(.bss) for hspi1
    main.o(i.MX_TIM1_Init) refers to stm32f1xx_hal_tim.o(i.HAL_TIM_Base_Init) for HAL_TIM_Base_Init
    main.o(i.MX_TIM1_Init) refers to main.o(i.Error_Handler) for Error_Handler
    main.o(i.MX_TIM1_Init) refers to stm32f1xx_hal_tim.o(i.HAL_TIM_ConfigClockSource) for HAL_TIM_ConfigClockSource
    main.o(i.MX_TIM1_Init) refers to stm32f1xx_hal_tim_ex.o(i.HAL_TIMEx_MasterConfigSynchronization) for HAL_TIMEx_MasterConfigSynchronization
    main.o(i.MX_TIM1_Init) refers to stm32f1xx_hal_tim.o(i.HAL_TIM_Base_Start_IT) for HAL_TIM_Base_Start_IT
    main.o(i.MX_TIM1_Init) refers to main.o(.bss) for htim1
    main.o(i.ProducerStartTask) refers to producer.o(i.Producer_Event) for Producer_Event
    main.o(i.ProducerStartTask) refers to producer.o(i.Deliver_Event) for Deliver_Event
    main.o(i.ProducerStartTask) refers to cmsis_os.o(i.osDelay) for osDelay
    main.o(i.Producet_ad_Task) refers to dataout.o(i.Data_Output_Task) for Data_Output_Task
    main.o(i.Producet_ad_Task) refers to cmsis_os.o(i.osDelay) for osDelay
    main.o(i.SystemClock_Config) refers to memseta.o(.text) for __aeabi_memclr4
    main.o(i.SystemClock_Config) refers to stm32f1xx_hal_rcc.o(i.HAL_RCC_OscConfig) for HAL_RCC_OscConfig
    main.o(i.SystemClock_Config) refers to main.o(i.Error_Handler) for Error_Handler
    main.o(i.SystemClock_Config) refers to stm32f1xx_hal_rcc.o(i.HAL_RCC_ClockConfig) for HAL_RCC_ClockConfig
    main.o(i.main) refers to stm32f1xx_hal.o(i.HAL_Init) for HAL_Init
    main.o(i.main) refers to main.o(i.SystemClock_Config) for SystemClock_Config
    main.o(i.main) refers to main.o(i.MX_GPIO_Init) for MX_GPIO_Init
    main.o(i.main) refers to main.o(i.MX_CAN_Init) for MX_CAN_Init
    main.o(i.main) refers to main.o(i.MX_SPI1_Init) for MX_SPI1_Init
    main.o(i.main) refers to main.o(i.MX_TIM1_Init) for MX_TIM1_Init
    main.o(i.main) refers to dataout.o(i.Set_FidMode) for Set_FidMode
[...]
    ..\\LocalCan\\Src\\Consumer.c            0x00000000   Number         0  consumer.o ABSOLUTE
    ..\\LocalCan\\Src\\Dictionary.c          0x00000000   Number         0  dictionary.o ABSOLUTE
    ..\\LocalCan\\Src\\Producer.c            0x00000000   Number         0  producer.o ABSOLUTE
    cdcmple.s                                0x00000000   Number         0  cdcmple.o ABSOLUTE
    cfcmple.s                                0x00000000   Number         0  cfcmple.o ABSOLUTE
    dc.s                                     0x00000000   Number         0  dc.o ABSOLUTE
    handlers.s                               0x00000000   Number         0  handlers.o ABSOLUTE
    init.s                                   0x00000000   Number         0  init.o ABSOLUTE
    startup_stm32f103xb.s                    0x00000000   Number         0  startup_stm32f103xb.o ABSOLUTE
    RESET                                    0x08000000   Section      236  startup_stm32f103xb.o(RESET)
    .ARM.Collect$$$$00000000                 0x080000ec   Section        0  entry.o(.ARM.Collect$$$$00000000)
    .ARM.Collect$$$$00000001                 0x080000ec   Section        4  entry2.o(.ARM.Collect$$$$00000001)
    .ARM.Collect$$$$00000004                 0x080000f0   Section        4  entry5.o(.ARM.Collect$$$$00000004)
    .ARM.Collect$$$$00000008                 0x080000f4   Section        0  entry7b.o(.ARM.Collect$$$$00000008)
    .ARM.Collect$$$$0000000A                 0x080000f4   Section        0  entry8b.o(.ARM.Collect$$$$0000000A)
    .ARM.Collect$$$$0000000B                 0x080000f4   Section        8  entry9a.o(.ARM.Collect$$$$0000000B)
    .ARM.Collect$$$$0000000D                 0x080000fc   Section        0  entry10a.o(.ARM.Collect$$$$0000000D)
    .ARM.Collect$$$$0000000F                 0x080000fc   Section        0  entry11a.o(.ARM.Collect$$$$0000000F)
    .ARM.Collect$$$$00002712                 0x080000fc   Section        4  entry2.o(.ARM.Collect$$$$00002712)
    __lit__00000000                          0x080000fc   Data           4  entry2.o(.ARM.Collect$$$$00002712)
    .emb_text                                0x08000100   Section      150  port.o(.emb_text)
    .text                                    0x08000198   Section       36  startup_stm32f103xb.o(.text)
    .text                                    0x080001bc   Section        0  memcpya.o(.text)
    .text                                    0x080001e0   Section        0  memseta.o(.text)
    .text                                    0x08000204   Section       48  cdcmple.o(.text)
    .text                                    0x08000234   Section       20  cfcmple.o(.text)
    .text                                    0x08000248   Section        0  iusefp.o(.text)
    .text                                    0x08000248   Section       36  init.o(.text)
    .text                                    0x0800026c   Section        0  __dczerorl2.o(.text)
    i.BusFault_Handler                       0x080002c2   Section        0  stm32f1xx_it.o(i.BusFault_Handler)
    i.CallBack_Func_FID_Gear_Or_TCD_Current  0x080002c8   Section        0  dataout.o(i.CallBack_Func_FID_Gear_Or_TCD_Current)
    i.CallBack_Func_IO_output                0x080003e8   Section        0  callback.o(i.CallBack_Func_IO_output)
    i.CallBack_Func_Sensor_SET_NodeID        0x080003ec   Section        0  dev_ini.o(i.CallBack_Func_Sensor_SET_NodeID)
    i.CallBack_Func_backdoor_D_set           0x08000478   Section        0  callback.o(i.CallBack_Func_backdoor_D_set)
    i.CallBack_Func_backdoor_P_set           0x0800047a   Section        0  callback.o(i.CallBack_Func_backdoor_P_set)
    i.CallBack_Func_channel0_work_mode_set   0x0800047c   Section        0  callback.o(i.CallBack_Func_channel0_work_mode_set)
    i.CallBack_Func_channel_switch_set       0x0800047e   Section        0  callback.o(i.CallBack_Func_channel_switch_set)
    i.CallBack_Func_channel_xD_set           0x08000480   Section        0  callback.o(i.CallBack_Func_channel_xD_set)
    i.CallBack_Func_channel_xI_set           0x08000482   Section        0  callback.o(i.CallBack_Func_channel_xI_set)
    i.CallBack_Func_channel_xP_set           0x08000484   Section        0  callback.o(i.CallBack_Func_channel_xP_set)
    i.CallBack_Func_channelx_fire_current_or_power_set 0x08000486   Section        0  callback.o(i.CallBack_Func_channelx_fire_current_or_power_set)
    i.CallBack_Func_channelx_fire_time_set   0x08000488   Section        0  callback.o(i.CallBack_Func_channelx_fire_time_set)
    i.CallBack_Func_channelx_temperature_protection_set 0x0800048a   Section        0  callback.o(i.CallBack_Func_channelx_temperature_protection_set)
    i.CallBack_Func_channelx_temperature_set 0x0800048c   Section        0  callback.o(i.CallBack_Func_channelx_temperature_set)
    i.CallBack_Func_fire_switch              0x08000498   Section        0  callback.o(i.CallBack_Func_fire_switch)
    i.ConsumerStarttTask                     0x0800049a   Section        0  main.o(i.ConsumerStarttTask)
    i.Consumer_Event                         0x080004a8   Section        0  consumer.o(i.Consumer_Event)
    i.Data_Output_Task                       0x08000560   Section        0  dataout.o(i.Data_Output_Task)
    i.DebugMon_Handler                       0x080005c8   Section        0  stm32f1xx_it.o(i.DebugMon_Handler)
    i.Deliver_Event                          0x080005cc   Section        0  producer.o(i.Deliver_Event)
    i.Error_Handler                          0x08000680   Section        0  main.o(i.Error_Handler)
    i.HAL_CAN_ActivateNotification           0x080006c4   Section        0  stm32f1xx_hal_can.o(i.HAL_CAN_ActivateNotification)
    i.HAL_CAN_AddTxMessage                   0x080006ee   Section        0  stm32f1xx_hal_can.o(i.HAL_CAN_AddTxMessage)
    i.HAL_CAN_ConfigFilter                   0x08000844   Section        0  stm32f1xx_hal_can.o(i.HAL_CAN_ConfigFilter)
    i.HAL_CAN_ErrorCallback                  0x0800094e   Section        0  stm32f1xx_hal_can.o(i.HAL_CAN_ErrorCallback)
    i.HAL_CAN_GetRxMessage                   0x08000950   Section        0  stm32f1xx_hal_can.o(i.HAL_CAN_GetRxMessage)
    i.HAL_CAN_IRQHandler                     0x08000aca   Section        0  stm32f1xx_hal_can.o(i.HAL_CAN_IRQHandler)
    i.HAL_CAN_Init                           0x08000d18   Section        0  stm32f1xx_hal_can.o(i.HAL_CAN_Init)
    i.HAL_CAN_MspInit                        0x08000e8c   Section        0  stm32f1xx_hal_msp.o(i.HAL_CAN_MspInit)
    i.HAL_CAN_RxFifo0FullCallback            0x08000f24   Section        0  stm32f1xx_hal_can.o(i.HAL_CAN_RxFifo0FullCallback)
    i.HAL_CAN_RxFifo0MsgPendingCallback      0x08000f28   Section        0  consumer.o(i.HAL_CAN_RxFifo0MsgPendingCallback)
    i.HAL_CAN_RxFifo1FullCallback            0x08000f84   Section        0  stm32f1xx_hal_can.o(i.HAL_CAN_RxFifo1FullCallback)
    i.HAL_CAN_RxFifo1MsgPendingCallback      0x08000f88   Section        0  consumer.o(i.HAL_CAN_RxFifo1MsgPendingCallback)
    i.HAL_CAN_SleepCallback                  0x08000fe4   Section        0  stm32f1xx_hal_can.o(i.HAL_CAN_SleepCallback)
    i.HAL_CAN_Start                          0x08000fe6   Section        0  stm32f1xx_hal_can.o(i.HAL_CAN_Start)
    i.HAL_CAN_TxMailbox0AbortCallback        0x08001044   Section        0  stm32f1xx_hal_can.o(i.HAL_CAN_TxMailbox0AbortCallback)
    i.HAL_CAN_TxMailbox0CompleteCallback     0x08001046   Section        0  stm32f1xx_hal_can.o(i.HAL_CAN_TxMailbox0CompleteCallback)
    i.HAL_CAN_TxMailbox1AbortCallback        0x08001048   Section        0  stm32f1xx_hal_can.o(i.HAL_CAN_TxMailbox1AbortCallback)
    i.HAL_CAN_TxMailbox1CompleteCallback     0x0800104a   Section        0  stm32f1xx_hal_can.o(i.HAL_CAN_TxMailbox1CompleteCallback)
    i.HAL_CAN_TxMailbox2AbortCallback        0x0800104c   Section        0  stm32f1xx_hal_can.o(i.HAL_CAN_TxMailbox2AbortCallback)
    i.HAL_CAN_TxMailbox2CompleteCallback     0x0800104e   Section        0  stm32f1xx_hal_can.o(i.HAL_CAN_TxMailbox2CompleteCallback)
    i.HAL_CAN_WakeUpFromRxMsgCallback        0x08001050   Section        0  stm32f1xx_hal_can.o(i.HAL_CAN_WakeUpFromRxMsgCallback)
    i.HAL_Delay                              0x08001054   Section        0  stm32f1xx_hal.o(i.HAL_Delay)
    i.HAL_GPIO_Init                          0x0800107c   Section        0  stm32f1xx_hal_gpio.o(i.HAL_GPIO_Init)
    i.HAL_GPIO_ReadPin                       0x0800139c   Section        0  stm32f1xx_hal_gpio.o(i.HAL_GPIO_ReadPin)
    i.HAL_GPIO_TogglePin                     0x080013ac   Section        0  stm32f1xx_hal_gpio.o(i.HAL_GPIO_TogglePin)
    i.HAL_GPIO_WritePin                      0x080013c0   Section        0  stm32f1xx_hal_gpio.o(i.HAL_GPIO_WritePin)
    i.HAL_GetTick                            0x080013cc   Section        0  stm32f1xx_hal.o(i.HAL_GetTick)
    i.HAL_IncTick                            0x080013d8   Section        0  stm32f1xx_hal.o(i.HAL_IncTick)
    i.HAL_Init                               0x080013f0   Section        0  stm32f1xx_hal.o(i.HAL_Init)
    i.HAL_InitTick                           0x08001418   Section        0  stm32f1xx_hal_timebase_tim.o(i.HAL_InitTick)
    i.HAL_MspInit                            0x0800149c   Section        0  stm32f1xx_hal_msp.o(i.HAL_MspInit)
    i.HAL_NVIC_EnableIRQ                     0x080014fc   Section        0  stm32f1xx_hal_cortex.o(i.HAL_NVIC_EnableIRQ)
    i.HAL_NVIC_SetPriority                   0x0800151c   Section        0  stm32f1xx_hal_cortex.o(i.HAL_NVIC_SetPriority)
    i.HAL_NVIC_SetPriorityGrouping           0x08001598   Section        0  stm32f1xx_hal_cortex.o(i.HAL_NVIC_SetPriorityGrouping)
    i.HAL_RCC_ClockConfig                    0x080015c0   Section        0  stm32f1xx_hal_rcc.o(i.HAL_RCC_ClockConfig)
    i.HAL_RCC_GetClockConfig                 0x0800174c   Section        0  stm32f1xx_hal_rcc.o(i.HAL_RCC_GetClockConfig)
    i.HAL_RCC_GetHCLKFreq                    0x08001790   Section        0  stm32f1xx_hal_rcc.o(i.HAL_RCC_GetHCLKFreq)
    i.HAL_RCC_GetPCLK1Freq                   0x0800179c   Section        0  stm32f1xx_hal_rcc.o(i.HAL_RCC_GetPCLK1Freq)
    i.HAL_RCC_GetSysClockFreq                0x080017bc   Section        0  stm32f1xx_hal_rcc.o(i.HAL_RCC_GetSysClockFreq)
    i.HAL_RCC_OscConfig                      0x08001850   Section        0  stm32f1xx_hal_rcc.o(i.HAL_RCC_OscConfig)
    i.HAL_SPI_Init                           0x08001cb4   Section        0  stm32f1xx_hal_spi.o(i.HAL_SPI_Init)
    i.HAL_SPI_MspInit                        0x08001d74   Section        0  stm32f1xx_hal_msp.o(i.HAL_SPI_MspInit)
    i.HAL_SPI_Receive                        0x08001df8   Section        0  stm32f1xx_hal_spi.o(i.HAL_SPI_Receive)
    i.HAL_SPI_Transmit                       0x08001f68   Section        0  stm32f1xx_hal_spi.o(i.HAL_SPI_Transmit)
    i.HAL_SPI_TransmitReceive                0x08002116   Section        0  stm32f1xx_hal_spi.o(i.HAL_SPI_TransmitReceive)
    i.HAL_TIMEx_BreakCallback                0x08002340   Section        0  stm32f1xx_hal_tim_ex.o(i.HAL_TIMEx_BreakCallback)
    i.HAL_TIMEx_CommutCallback               0x08002342   Section        0  stm32f1xx_hal_tim_ex.o(i.HAL_TIMEx_CommutCallback)
    i.HAL_TIMEx_MasterConfigSynchronization  0x08002344   Section        0  stm32f1xx_hal_tim_ex.o(i.HAL_TIMEx_MasterConfigSynchronization)
    i.HAL_TIM_Base_Init                      0x080023c8   Section        0  stm32f1xx_hal_tim.o(i.HAL_TIM_Base_Init)
    i.HAL_TIM_Base_MspInit                   0x08002430   Section        0  stm32f1xx_hal_msp.o(i.HAL_TIM_Base_MspInit)
    i.HAL_TIM_Base_Start_IT                  0x08002474   Section        0  stm32f1xx_hal_tim.o(i.HAL_TIM_Base_Start_IT)
    i.HAL_TIM_ConfigClockSource              0x080024ec   Section        0  stm32f1xx_hal_tim.o(i.HAL_TIM_ConfigClockSource)
    i.HAL_TIM_IC_CaptureCallback             0x080025f4   Section        0  stm32f1xx_hal_tim.o(i.HAL_TIM_IC_CaptureCallback)
    i.HAL_TIM_IRQHandler                     0x080025f6   Section        0  stm32f1xx_hal_tim.o(i.HAL_TIM_IRQHandler)
    i.HAL_TIM_OC_DelayElapsedCallback        0x0800278c   Section        0  stm32f1xx_hal_tim.o(i.HAL_TIM_OC_DelayElapsedCallback)
    i.HAL_TIM_PWM_PulseFinishedCallback      0x0800278e   Section        0  stm32f1xx_hal_tim.o(i.HAL_TIM_PWM_PulseFinishedCallback)
    i.HAL_TIM_PeriodElapsedCallback          0x08002790   Section        0  main.o(i.HAL_TIM_PeriodElapsedCallback)
    i.HAL_TIM_TriggerCallback                0x080027e0   Section        0  stm32f1xx_hal_tim.o(i.HAL_TIM_TriggerCallback)
    i.HardFault_Handler                      0x080027e2   Section        0  stm32f1xx_it.o(i.HardFault_Handler)
    i.MX_CAN_Init                            0x080027e8   Section        0  main.o(i.MX_CAN_Init)
    MX_CAN_Init                              0x080027e9   Thumb Code    68  main.o(i.MX_CAN_Init)
    i.MX_GPIO_Init                           0x08002834   Section        0  main.o(i.MX_GPIO_Init)
    MX_GPIO_Init                             0x08002835   Thumb Code   204  main.o(i.MX_GPIO_Init)
    i.MX_SPI1_Init                           0x0800290c   Section        0  main.o(i.MX_SPI1_Init)
    MX_SPI1_Init                             0x0800290d   Thumb Code    62  main.o(i.MX_SPI1_Init)
    i.MX_TIM1_Init                           0x08002954   Section        0  main.o(i.MX_TIM1_Init)
    MX_TIM1_Init                             0x08002955   Thumb Code   108  main.o(i.MX_TIM1_Init)
    i.MemManage_Handler                      0x080029c8   Section        0  stm32f1xx_it.o(i.MemManage_Handler)
    i.NMI_Handler                            0x080029cc   Section        0  stm32f1xx_it.o(i.NMI_Handler)
    i.ProducerStartTask                      0x080029d0   Section        0  main.o(i.ProducerStartTask)
    i.Producer_Event                         0x080029e4   Section        0  producer.o(i.Producer_Event)
    i.Producet_ad_Task                       0x08002b8c   Section        0  main.o(i.Producet_ad_Task)
    i.RCC_Delay                              0x08002b9c   Section        0  stm32f1xx_hal_rcc.o(i.RCC_Delay)
    RCC_Delay                                0x08002b9d   Thumb Code    36  stm32f1xx_hal_rcc.o(i.RCC_Delay)
    i.SPI_EndRxTransaction                   0x08002bc4   Section        0  stm32f1xx_hal_spi.o(i.SPI_EndRxTransaction)
    SPI_EndRxTransaction                     0x08002bc5   Thumb Code   120  stm32f1xx_hal_spi.o(i.SPI_EndRxTransaction)
    i.SPI_EndRxTxTransaction                 0x08002c3c   Section        0  stm32f1xx_hal_spi.o(i.SPI_EndRxTxTransaction)
    SPI_EndRxTxTransaction                   0x08002c3d   Thumb Code    40  stm32f1xx_hal_spi.o(i.SPI_EndRxTxTransaction)
    i.SPI_WaitFlagStateUntilTimeout          0x08002c64   Section        0  stm32f1xx_hal_spi.o(i.SPI_WaitFlagStateUntilTimeout)
    SPI_WaitFlagStateUntilTimeout            0x08002c65   Thumb Code   210  stm32f1xx_hal_spi.o(i.SPI_WaitFlagStateUntilTimeout)
    i.Send_MessagesQueue                     0x08002d3c   Section        0  producer.o(i.Send_MessagesQueue)
    Send_MessagesQueue                       0x08002d3d   Thumb Code   110  producer.o(i.Send_MessagesQueue)
    i.Set_Can_Filter                         0x08002dbc   Section        0  can_filter_init.o(i.Set_Can_Filter)
    i.Set_Can_Filter1                        0x08002e58   Section        0  can_filter_init.o(i.Set_Can_Filter1)
    i.Set_Can_ID_Mode                        0x08002ecc   Section        0  can_filter_init.o(i.Set_Can_ID_Mode)
    i.Set_FidMode                            0x08002f14   Section        0  dataout.o(i.Set_FidMode)
    i.SysTick_Handler                        0x08002f7c   Section        0  port.o(i.SysTick_Handler)
    i.SystemClock_Config                     0x08002fb0   Section        0  main.o(i.SystemClock_Config)
    i.SystemInit                             0x08003016   Section        0  system_stm32f1xx.o(i.SystemInit)
    i.TIM1_UP_IRQHandler                     0x08003018   Section        0  stm32f1xx_it.o(i.TIM1_UP_IRQHandler)
    i.TIM2_IRQHandler                        0x08003028   Section        0  stm32f1xx_it.o(i.TIM2_IRQHandler)
    i.TIM_Base_SetConfig                     0x08003038   Section        0  stm32f1xx_hal_tim.o(i.TIM_Base_SetConfig)
    i.TIM_ETR_SetConfig                      0x080030ac   Section        0  stm32f1xx_hal_tim.o(i.TIM_ETR_SetConfig)
    i.TIM_ITRx_SetConfig                     0x080030c2   Section        0  stm32f1xx_hal_tim.o(i.TIM_ITRx_SetConfig)
    TIM_ITRx_SetConfig                       0x080030c3   Thumb Code    18  stm32f1xx_hal_tim.o(i.TIM_ITRx_SetConfig)
    i.TIM_TI1_ConfigInputStage               0x080030d4   Section        0  stm32f1xx_hal_tim.o(i.TIM_TI1_ConfigInputStage)
    TIM_TI1_ConfigInputStage                 0x080030d5   Thumb Code    38  stm32f1xx_hal_tim.o(i.TIM_TI1_ConfigInputStage)
    i.TIM_TI2_ConfigInputStage               0x080030fa   Section        0  stm32f1xx_hal_tim.o(i.TIM_TI2_ConfigInputStage)
    TIM_TI2_ConfigInputStage                 0x080030fb   Thumb Code    40  stm32f1xx_hal_tim.o(i.TIM_TI2_ConfigInputStage)
    i.USB_LP_CAN1_RX0_IRQHandler             0x08003124   Section        0  stm32f1xx_it.o(i.USB_LP_CAN1_RX0_IRQHandler)
    i.UsageFault_Handler                     0x08003134   Section        0  stm32f1xx_it.o(i.UsageFault_Handler)
    i.__NVIC_GetPriorityGrouping             0x08003138   Section        0  stm32f1xx_hal_cortex.o(i.__NVIC_GetPriorityGrouping)
    __NVIC_GetPriorityGrouping               0x08003139   Thumb Code    10  stm32f1xx_hal_cortex.o(i.__NVIC_GetPriorityGrouping)
    i.__NVIC_SetPriority                     0x08003148   Section        0  stm32f1xx_hal_cortex.o(i.__NVIC_SetPriority)
    __NVIC_SetPriority                       0x08003149   Thumb Code    32  stm32f1xx_hal_cortex.o(i.__NVIC_SetPriority)
    i.__scatterload_copy                     0x08003170   Section       14  handlers.o(i.__scatterload_copy)
    i.__scatterload_null                     0x0800317e   Section        2  handlers.o(i.__scatterload_null)
    i.__scatterload_zeroinit                 0x08003180   Section       14  handlers.o(i.__scatterload_zeroinit)
    i.ad7172_Reset                           0x08003190   Section        0  ad7172-2.o(i.ad7172_Reset)
    ad7172_Reset                             0x08003191   Thumb Code    46  ad7172-2.o(i.ad7172_Reset)
    i.ad7172_ini                             0x080031d0   Section        0  ad7172-2.o(i.ad7172_ini)
    i.ad7172_read                            0x08003224   Section        0  ad7172-2.o(i.ad7172_read)
    i.ad7172_write                           0x080032d0   Section        0  ad7172-2.o(i.ad7172_write)
    i.arry3_Add_Send_Package                 0x08003318   Section        0  producer.o(i.arry3_Add_Send_Package)
    arry3_Add_Send_Package                   0x08003319   Thumb Code    18  producer.o(i.arry3_Add_Send_Package)
    i.arry3_Compare                          0x0800332a   Section        0  producer.o(i.arry3_Compare)
    arry3_Compare                            0x0800332b   Thumb Code    36  producer.o(i.arry3_Compare)
    i.arry3_Update_Rx_Data                   0x08003350   Section        0  consumer.o(i.arry3_Update_Rx_Data)
    arry3_Update_Rx_Data                     0x08003351   Thumb Code    98  consumer.o(i.arry3_Update_Rx_Data)
    i.arry5_Add_Send_Package                 0x080033bc   Section        0  producer.o(i.arry5_Add_Send_Package)
    arry5_Add_Send_Package                   0x080033bd   Thumb Code    18  producer.o(i.arry5_Add_Send_Package)
    i.arry5_Compare                          0x080033ce   Section        0  producer.o(i.arry5_Compare)
    arry5_Compare                            0x080033cf   Thumb Code    52  producer.o(i.arry5_Compare)
    i.arry5_Update_Rx_Data                   0x08003404   Section        0  consumer.o(i.arry5_Update_Rx_Data)
    arry5_Update_Rx_Data                     0x08003405   Thumb Code    98  consumer.o(i.arry5_Update_Rx_Data)
    i.arry6_Add_Send_Package                 0x08003470   Section        0  producer.o(i.arry6_Add_Send_Package)
    arry6_Add_Send_Package                   0x08003471   Thumb Code    18  producer.o(i.arry6_Add_Send_Package)
    i.arry6_Compare                          0x08003482   Section        0  producer.o(i.arry6_Compare)
    arry6_Compare                            0x08003483   Thumb Code    60  producer.o(i.arry6_Compare)
    i.arry6_Update_Rx_Data                   0x080034c0   Section        0  consumer.o(i.arry6_Update_Rx_Data)
    arry6_Update_Rx_Data                     0x080034c1   Thumb Code   100  consumer.o(i.arry6_Update_Rx_Data)
    i.arry7_Add_Send_Package                 0x0800352c   Section        0  producer.o(i.arry7_Add_Send_Package)
    arry7_Add_Send_Package                   0x0800352d   Thumb Code    50  producer.o(i.arry7_Add_Send_Package)
    i.arry7_Compare                          0x0800355e   Section        0  producer.o(i.arry7_Compare)
    arry7_Compare                            0x0800355f   Thumb Code    68  producer.o(i.arry7_Compare)
    i.arry7_Update_Rx_Data                   0x080035a4   Section        0  consumer.o(i.arry7_Update_Rx_Data)
    arry7_Update_Rx_Data                     0x080035a5   Thumb Code   104  consumer.o(i.arry7_Update_Rx_Data)
    i.double_Add_Send_Package                0x08003614   Section        0  producer.o(i.double_Add_Send_Package)
    double_Add_Send_Package                  0x08003615   Thumb Code    18  producer.o(i.double_Add_Send_Package)
    i.double_Compare                         0x08003626   Section        0  producer.o(i.double_Compare)
    double_Compare                           0x08003627   Thumb Code    48  producer.o(i.double_Compare)
    i.double_Update_Rx_Data                  0x08003658   Section        0  consumer.o(i.double_Update_Rx_Data)
    double_Update_Rx_Data                    0x08003659   Thumb Code   102  consumer.o(i.double_Update_Rx_Data)
    i.int16_Add_Send_Package                 0x080036c8   Section        0  producer.o(i.int16_Add_Send_Package)
    int16_Add_Send_Package                   0x080036c9   Thumb Code    16  producer.o(i.int16_Add_Send_Package)
    i.int16_Compare                          0x080036d8   Section        0  producer.o(i.int16_Compare)
    int16_Compare                            0x080036d9   Thumb Code    30  producer.o(i.int16_Compare)
    i.int16_Update_Rx_Data                   0x080036f8   Section        0  consumer.o(i.int16_Update_Rx_Data)
    int16_Update_Rx_Data                     0x080036f9   Thumb Code    94  consumer.o(i.int16_Update_Rx_Data)
    i.int32_Add_Send_Package                 0x08003760   Section        0  producer.o(i.int32_Add_Send_Package)
    int32_Add_Send_Package                   0x08003761   Thumb Code    16  producer.o(i.int32_Add_Send_Package)
    i.int32_Compare                          0x08003770   Section        0  producer.o(i.int32_Compare)
    int32_Compare                            0x08003771   Thumb Code    26  producer.o(i.int32_Compare)
    i.int32_Update_Rx_Data                   0x0800378c   Section        0  consumer.o(i.int32_Update_Rx_Data)
    int32_Update_Rx_Data                     0x0800378d   Thumb Code    94  consumer.o(i.int32_Update_Rx_Data)
    i.int8_Add_Send_Package                  0x080037f4   Section        0  producer.o(i.int8_Add_Send_Package)
    int8_Add_Send_Package                    0x080037f5   Thumb Code    16  producer.o(i.int8_Add_Send_Package)
    i.int8_Compare                           0x08003804   Section        0  producer.o(i.int8_Compare)
    int8_Compare                             0x08003805   Thumb Code    30  producer.o(i.int8_Compare)
    i.int8_Update_Rx_Data                    0x08003824   Section        0  consumer.o(i.int8_Update_Rx_Data)
    int8_Update_Rx_Data                      0x08003825   Thumb Code    92  consumer.o(i.int8_Update_Rx_Data)
    i.main                                   0x08003888   Section        0  main.o(i.main)
    i.makeFreeRtosPriority                   0x08003908   Section        0  cmsis_os.o(i.makeFreeRtosPriority)
    makeFreeRtosPriority                     0x08003909   Thumb Code    14  cmsis_os.o(i.makeFreeRtosPriority)
    i.osDelay                                0x08003916   Section        0  cmsis_os.o(i.osDelay)
    i.osKernelStart                          0x0800392e   Section        0  cmsis_os.o(i.osKernelStart)
    i.osThreadCreate                         0x08003938   Section        0  cmsis_os.o(i.osThreadCreate)
    i.prvAddCurrentTaskToDelayedList         0x08003998   Section        0  tasks.o(i.prvAddCurrentTaskToDelayedList)
    prvAddCurrentTaskToDelayedList           0x08003999   Thumb Code   124  tasks.o(i.prvAddCurrentTaskToDelayedList)
    i.prvAddNewTaskToReadyList               0x08003a30   Section        0  tasks.o(i.prvAddNewTaskToReadyList)
    prvAddNewTaskToReadyList                 0x08003a31   Thumb Code   150  tasks.o(i.prvAddNewTaskToReadyList)
    i.prvCheckTasksWaitingTermination        0x08003ae4   Section        0  tasks.o(i.prvCheckTasksWaitingTermination)
    prvCheckTasksWaitingTermination          0x08003ae5   Thumb Code    60  tasks.o(i.prvCheckTasksWaitingTermination)
    i.prvDeleteTCB                           0x08003b2c   Section        0  tasks.o(i.prvDeleteTCB)
    prvDeleteTCB                             0x08003b2d   Thumb Code    80  tasks.o(i.prvDeleteTCB)
    i.prvHeapInit                            0x08003b7c   Section        0  heap_4.o(i.prvHeapInit)
    prvHeapInit                              0x08003b7d   Thumb Code    98  heap_4.o(i.prvHeapInit)
    i.prvIdleTask                            0x08003bf8   Section        0  tasks.o(i.prvIdleTask)
    prvIdleTask                              0x08003bf9   Thumb Code    32  tasks.o(i.prvIdleTask)
    i.prvInitialiseNewTask                   0x08003c20   Section        0  tasks.o(i.prvInitialiseNewTask)
    prvInitialiseNewTask                     0x08003c21   Thumb Code   170  tasks.o(i.prvInitialiseNewTask)
    i.prvInitialiseTaskLists                 0x08003ccc   Section        0  tasks.o(i.prvInitialiseTaskLists)
    prvInitialiseTaskLists                   0x08003ccd   Thumb Code    70  tasks.o(i.prvInitialiseTaskLists)
    i.prvInsertBlockIntoFreeList             0x08003d34   Section        0  heap_4.o(i.prvInsertBlockIntoFreeList)
    prvInsertBlockIntoFreeList               0x08003d35   Thumb Code    96  heap_4.o(i.prvInsertBlockIntoFreeList)
    i.prvResetNextTaskUnblockTime            0x08003d9c   Section        0  tasks.o(i.prvResetNextTaskUnblockTime)
    prvResetNextTaskUnblockTime              0x08003d9d   Thumb Code    42  tasks.o(i.prvResetNextTaskUnblockTime)
    i.prvTaskExitError                       0x08003dd0   Section        0  port.o(i.prvTaskExitError)
    prvTaskExitError                         0x08003dd1   Thumb Code    60  port.o(i.prvTaskExitError)
    i.pvPortMalloc                           0x08003e10   Section        0  heap_4.o(i.pvPortMalloc)
    i.pxPortInitialiseStack                  0x08003f4c   Section        0  port.o(i.pxPortInitialiseStack)
    i.real_Add_Send_Package                  0x08003f70   Section        0  producer.o(i.real_Add_Send_Package)
    real_Add_Send_Package                    0x08003f71   Thumb Code    16  producer.o(i.real_Add_Send_Package)
    i.real_Compare                           0x08003f80   Section        0  producer.o(i.real_Compare)
    real_Compare                             0x08003f81   Thumb Code    38  producer.o(i.real_Compare)
    i.real_Update_Rx_Data                    0x08003fa8   Section        0  consumer.o(i.real_Update_Rx_Data)
    real_Update_Rx_Data                      0x08003fa9   Thumb Code    94  consumer.o(i.real_Update_Rx_Data)
    i.uint16_Add_Send_Package                0x08004010   Section        0  producer.o(i.uint16_Add_Send_Package)
    uint16_Add_Send_Package                  0x08004011   Thumb Code    16  producer.o(i.uint16_Add_Send_Package)
    i.uint16_Compare                         0x08004020   Section        0  producer.o(i.uint16_Compare)
    uint16_Compare                           0x08004021   Thumb Code    26  producer.o(i.uint16_Compare)
    i.uint16_Update_Rx_Data                  0x0800403c   Section        0  consumer.o(i.uint16_Update_Rx_Data)
    uint16_Update_Rx_Data                    0x0800403d   Thumb Code    94  consumer.o(i.uint16_Update_Rx_Data)
    i.uint32_Add_Send_Package                0x080040a4   Section        0  producer.o(i.uint32_Add_Send_Package)
    uint32_Add_Send_Package                  0x080040a5   Thumb Code    16  producer.o(i.uint32_Add_Send_Package)
    i.uint32_Compare                         0x080040b4   Section        0  producer.o(i.uint32_Compare)
    uint32_Compare                           0x080040b5   Thumb Code    26  producer.o(i.uint32_Compare)
    i.uint32_Update_Rx_Data                  0x080040d0   Section        0  consumer.o(i.uint32_Update_Rx_Data)
    uint32_Update_Rx_Data                    0x080040d1   Thumb Code    94  consumer.o(i.uint32_Update_Rx_Data)
    i.uint8_Add_Send_Package                 0x08004138   Section        0  producer.o(i.uint8_Add_Send_Package)
    uint8_Add_Send_Package                   0x08004139   Thumb Code    16  producer.o(i.uint8_Add_Send_Package)
    i.uint8_Compare                          0x08004148   Section        0  producer.o(i.uint8_Compare)
    uint8_Compare                            0x08004149   Thumb Code    26  producer.o(i.uint8_Compare)
    i.uint8_Update_Rx_Data                   0x08004164   Section        0  consumer.o(i.uint8_Update_Rx_Data)
    uint8_Update_Rx_Data                     0x08004165   Thumb Code    92  consumer.o(i.uint8_Update_Rx_Data)
    i.uxListRemove                           0x080041c8   Section        0  list.o(i.uxListRemove)
    i.vApplicationGetIdleTaskMemory          0x080041f0   Section        0  freertos.o(i.vApplicationGetIdleTaskMemory)
    i.vListInitialise                        0x08004208   Section        0  list.o(i.vListInitialise)
    i.vListInitialiseItem                    0x08004222   Section        0  list.o(i.vListInitialiseItem)
    i.vListInsert                            0x08004228   Section        0  list.o(i.vListInsert)
    i.vListInsertEnd                         0x0800425c   Section        0  list.o(i.vListInsertEnd)
    i.vPortEnterCritical                     0x08004274   Section        0  port.o(i.vPortEnterCritical)
    i.vPortExitCritical                      0x080042c8   Section        0  port.o(i.vPortExitCritical)
    i.vPortFree                              0x08004304   Section        0  heap_4.o(i.vPortFree)
    i.vPortSetupTimerInterrupt               0x08004398   Section        0  port.o(i.vPortSetupTimerInterrupt)
    i.vTaskDelay                             0x080043c0   Section        0  tasks.o(i.vTaskDelay)
    i.vTaskStartScheduler                    0x0800441c   Section        0  tasks.o(i.vTaskStartScheduler)
    i.vTaskSuspendAll                        0x080044cc   Section        0  tasks.o(i.vTaskSuspendAll)
    i.vTaskSwitchContext                     0x080044dc   Section        0  tasks.o(i.vTaskSwitchContext)
    i.xPortStartScheduler                    0x08004568   Section        0  port.o(i.xPortStartScheduler)
    i.xTaskCreate                            0x08004660   Section        0  tasks.o(i.xTaskCreate)
    i.xTaskCreateStatic                      0x080046c4   Section        0  tasks.o(i.xTaskCreateStatic)
    i.xTaskIncrementTick                     0x0800477c   Section        0  tasks.o(i.xTaskIncrementTick)
    i.xTaskResumeAll                         0x080048c4   Section        0  tasks.o(i.xTaskResumeAll)
    .constdata                               0x080049c8   Section       84  main.o(.constdata)
    .constdata                               0x08004a1c   Section       24  system_stm32f1xx.o(.constdata)
    .constdata                               0x08004a34   Section       12  producer.o(.constdata)
    .constdata                               0x08004a40   Section     2000  dictionary.o(.constdata)
    .conststring                             0x08005210   Section       48  main.o(.conststring)
    .data                                    0x20000000   Section       16  main.o(.data)
    .data                                    0x20000010   Section        9  stm32f1xx_hal.o(.data)
    .data                                    0x2000001c   Section        4  system_stm32f1xx.o(.data)
    .data                                    0x20000020   Section        4  callback.o(.data)
    .data                                    0x20000024   Section       48  consumer.o(.data)
    Update_Rx_Data                           0x20000024   Data          48  consumer.o(.data)
    .data                                    0x20000054   Section       96  producer.o(.data)
    Compare                                  0x20000054   Data          48  producer.o(.data)
    Add_Send_Package                         0x20000084   Data          48  producer.o(.data)
    .data                                    0x200000b4   Section      252  dictionary.o(.data)
    .data                                    0x200001b0   Section       33  dataout.o(.data)
    .data                                    0x200001d4   Section        6  dev_ini.o(.data)
    .data                                    0x200001dc   Section       60  tasks.o(.data)
    pxDelayedTaskList                        0x200001e0   Data           4  tasks.o(.data)
    pxOverflowDelayedTaskList                0x200001e4   Data           4  tasks.o(.data)
    uxDeletedTasksWaitingCleanUp             0x200001e8   Data           4  tasks.o(.data)
    uxCurrentNumberOfTasks                   0x200001ec   Data           4  tasks.o(.data)
    xTickCount                               0x200001f0   Data           4  tasks.o(.data)
    uxTopReadyPriority                       0x200001f4   Data           4  tasks.o(.data)
    xSchedulerRunning                        0x200001f8   Data           4  tasks.o(.data)
    uxPendedTicks                            0x200001fc   Data           4  tasks.o(.data)
    xYieldPending                            0x20000200   Data           4  tasks.o(.data)
    xNumOfOverflows                          0x20000204   Data           4  tasks.o(.data)
    uxTaskNumber                             0x20000208   Data           4  tasks.o(.data)
    xNextTaskUnblockTime                     0x2000020c   Data           4  tasks.o(.data)
    xIdleTaskHandle                          0x20000210   Data           4  tasks.o(.data)
    uxSchedulerSuspended                     0x20000214   Data           4  tasks.o(.data)
    .data                                    0x20000218   Section       24  heap_4.o(.data)
    xStart                                   0x20000218   Data           8  heap_4.o(.data)
    pxEnd                                    0x20000220   Data           4  heap_4.o(.data)
    xFreeBytesRemaining                      0x20000224   Data           4  heap_4.o(.data)
    xMinimumEverFreeBytesRemaining           0x20000228   Data           4  heap_4.o(.data)
    xBlockAllocatedBit                       0x2000022c   Data           4  heap_4.o(.data)
    .data                                    0x20000230   Section       12  port.o(.data)
    uxCriticalNesting                        0x20000230   Data           4  port.o(.data)
    ucMaxSysCallPriority                     0x20000234   Data           1  port.o(.data)
    ulMaxPRIGROUPValue                       0x20000238   Data           4  port.o(.data)
    .bss                                     0x2000023c   Section      200  main.o(.bss)
    .bss                                     0x20000304   Section      596  freertos.o(.bss)
    xIdleTaskTCBBuffer                       0x20000304   Data          84  freertos.o(.bss)
    xIdleStack                               0x20000358   Data         512  freertos.o(.bss)
    .bss                                     0x20000558   Section       72  stm32f1xx_hal_timebase_tim.o(.bss)
    .bss                                     0x200005a0   Section     4008  consumer.o(.bss)
    .bss                                     0x20001548   Section     2016  producer.o(.bss)
    .bss                                     0x20001d28   Section      400  dictionary.o(.bss)
    .bss                                     0x20001eb8   Section      240  tasks.o(.bss)
    pxReadyTasksLists                        0x20001eb8   Data         140  tasks.o(.bss)
    xDelayedTaskList1                        0x20001f44   Data          20  tasks.o(.bss)
    xDelayedTaskList2                        0x20001f58   Data          20  tasks.o(.bss)
    xPendingReadyList                        0x20001f6c   Data          20  tasks.o(.bss)
    xTasksWaitingTermination                 0x20001f80   Data          20  tasks.o(.bss)
    xSuspendedTaskList                       0x20001f94   Data          20  tasks.o(.bss)
    .bss                                     0x20001fa8   Section     3072  heap_4.o(.bss)
    ucHeap                                   0x20001fa8   Data        3072  heap_4.o(.bss)
    STACK                                    0x20002ba8   Section     1024  startup_stm32f103xb.o(STACK)

    Global Symbols

    Symbol Name                              Value     Ov Type        Size  Object(Section)

    BuildAttributes$$THM_ISAv4$P$D$K$B$S$PE$A:L22UL41UL21$X:L11$S22US41US21$IEEE1$IW$USESV6$~STKCKD$USESV7$~SHL$OTIME$ROPI$EBA8$MICROLIB$REQ8$PRES8$EABIv2 0x00000000   Number         0  anon$$obj.o ABSOLUTE
    __ARM_use_no_argv                        0x00000000   Number         0  main.o ABSOLUTE
    __cpp_initialize__aeabi_                  - Undefined Weak Reference
    __cxa_finalize                            - Undefined Weak Reference
    _clock_init                               - Undefined Weak Reference
    _microlib_exit                            - Undefined Weak Reference
    __Vectors_Size                           0x000000ec   Number         0  startup_stm32f103xb.o ABSOLUTE
    __Vectors                                0x08000000   Data           4  startup_stm32f103xb.o(RESET)
    __Vectors_End                            0x080000ec   Data           0  startup_stm32f103xb.o(RESET)
    __main                                   0x080000ed   Thumb Code     0  entry.o(.ARM.Collect$$$$00000000)
    _main_stk                                0x080000ed   Thumb Code     0  entry2.o(.ARM.Collect$$$$00000001)
    _main_scatterload                        0x080000f1   Thumb Code     0  entry5.o(.ARM.Collect$$$$00000004)
    __main_after_scatterload                 0x080000f5   Thumb Code     0  entry5.o(.ARM.Collect$$$$00000004)
    _main_clock                              0x080000f5   Thumb Code     0  entry7b.o(.ARM.Collect$$$$00000008)
    _main_cpp_init                           0x080000f5   Thumb Code     0  entry8b.o(.ARM.Collect$$$$0000000A)
    _main_init                               0x080000f5   Thumb Code     0  entry9a.o(.ARM.Collect$$$$0000000B)
    __rt_final_cpp                           0x080000fd   Thumb Code     0  entry10a.o(.ARM.Collect$$$$0000000D)
    __rt_final_exit                          0x080000fd   Thumb Code     0  entry11a.o(.ARM.Collect$$$$0000000F)
    SVC_Handler                              0x08000101   Thumb Code    32  port.o(.emb_text)
    __asm___6_port_c_39a90d8d__prvStartFirstTask 0x08000125   Thumb Code    28  port.o(.emb_text)
    PendSV_Handler                           0x08000145   Thumb Code    72  port.o(.emb_text)
    vPortGetIPSR                             0x08000191   Thumb Code     6  port.o(.emb_text)
    Reset_Handler                            0x08000199   Thumb Code     8  startup_stm32f103xb.o(.text)
    ADC1_2_IRQHandler                        0x080001b3   Thumb Code     0  startup_stm32f103xb.o(.text)
    CAN1_RX1_IRQHandler                      0x080001b3   Thumb Code     0  startup_stm32f103xb.o(.text)
    CAN1_SCE_IRQHandler                      0x080001b3   Thumb Code     0  startup_stm32f103xb.o(.text)
    DMA1_Channel1_IRQHandler                 0x080001b3   Thumb Code     0  startup_stm32f103xb.o(.text)
    DMA1_Channel2_IRQHandler                 0x080001b3   Thumb Code     0  startup_stm32f103xb.o(.text)
    DMA1_Channel3_IRQHandler                 0x080001b3   Thumb Code     0  startup_stm32f103xb.o(.text)
    DMA1_Channel4_IRQHandler                 0x080001b3   Thumb Code     0  startup_stm32f103xb.o(.text)
    DMA1_Channel5_IRQHandler                 0x080001b3   Thumb Code     0  startup_stm32f103xb.o(.text)
    DMA1_Channel6_IRQHandler                 0x080001b3   Thumb Code     0  startup_stm32f103xb.o(.text)
    DMA1_Channel7_IRQHandler                 0x080001b3   Thumb Code     0  startup_stm32f103xb.o(.text)
    EXTI0_IRQHandler                         0x080001b3   Thumb Code     0  startup_stm32f103xb.o(.text)
    EXTI15_10_IRQHandler                     0x080001b3   Thumb Code     0  startup_stm32f103xb.o(.text)
    EXTI1_IRQHandler                         0x080001b3   Thumb Code     0  startup_stm32f103xb.o(.text)
    EXTI2_IRQHandler                         0x080001b3   Thumb Code     0  startup_stm32f103xb.o(.text)
    EXTI3_IRQHandler                         0x080001b3   Thumb Code     0  startup_stm32f103xb.o(.text)
    EXTI4_IRQHandler                         0x080001b3   Thumb Code     0  startup_stm32f103xb.o(.text)
    EXTI9_5_IRQHandler                       0x080001b3   Thumb Code     0  startup_stm32f103xb.o(.text)
    FLASH_IRQHandler                         0x080001b3   Thumb Code     0  startup_stm32f103xb.o(.text)
    I2C1_ER_IRQHandler                       0x080001b3   Thumb Code     0  startup_stm32f103xb.o(.text)
    I2C1_EV_IRQHandler                       0x080001b3   Thumb Code     0  startup_stm32f103xb.o(.text)
    I2C2_ER_IRQHandler                       0x080001b3   Thumb Code     0  startup_stm32f103xb.o(.text)
    I2C2_EV_IRQHandler                       0x080001b3   Thumb Code     0  startup_stm32f103xb.o(.text)
    PVD_IRQHandler                           0x080001b3   Thumb Code     0  startup_stm32f103xb.o(.text)
    RCC_IRQHandler                           0x080001b3   Thumb Code     0  startup_stm32f103xb.o(.text)
    RTC_Alarm_IRQHandler                     0x080001b3   Thumb Code     0  startup_stm32f103xb.o(.text)
    RTC_IRQHandler                           0x080001b3   Thumb Code     0  startup_stm32f103xb.o(.text)
    SPI1_IRQHandler                          0x080001b3   Thumb Code     0  startup_stm32f103xb.o(.text)
    SPI2_IRQHandler                          0x080001b3   Thumb Code     0  startup_stm32f103xb.o(.text)
    TAMPER_IRQHandler                        0x080001b3   Thumb Code     0  startup_stm32f103xb.o(.text)
    TIM1_BRK_IRQHandler                      0x080001b3   Thumb Code     0  startup_stm32f103xb.o(.text)
    TIM1_CC_IRQHandler                       0x080001b3   Thumb Code     0  startup_stm32f103xb.o(.text)
    TIM1_TRG_COM_IRQHandler                  0x080001b3   Thumb Code     0  startup_stm32f103xb.o(.text)
    TIM3_IRQHandler                          0x080001b3   Thumb Code     0  startup_stm32f103xb.o(.text)
    TIM4_IRQHandler                          0x080001b3   Thumb Code     0  startup_stm32f103xb.o(.text)
    USART1_IRQHandler                        0x080001b3   Thumb Code     0  startup_stm32f103xb.o(.text)
    USART2_IRQHandler                        0x080001b3   Thumb Code     0  startup_stm32f103xb.o(.text)
    USART3_IRQHandler                        0x080001b3   Thumb Code     0  startup_stm32f103xb.o(.text)
    USBWakeUp_IRQHandler                     0x080001b3   Thumb Code     0  startup_stm32f103xb.o(.text)
    USB_HP_CAN1_TX_IRQHandler                0x080001b3   Thumb Code     0  startup_stm32f103xb.o(.text)
    WWDG_IRQHandler                          0x080001b3   Thumb Code     0  startup_stm32f103xb.o(.text)
    __aeabi_memcpy                           0x080001bd   Thumb Code    36  memcpya.o(.text)
    __aeabi_memcpy4                          0x080001bd   Thumb Code     0  memcpya.o(.text)
    __aeabi_memcpy8                          0x080001bd   Thumb Code     0  memcpya.o(.text)
    __aeabi_memset                           0x080001e1   Thumb Code    14  memseta.o(.text)
    __aeabi_memset4                          0x080001e1   Thumb Code     0  memseta.o(.text)
    __aeabi_memset8                          0x080001e1   Thumb Code     0  memseta.o(.text)
    __aeabi_memclr                           0x080001ef   Thumb Code     4  memseta.o(.text)
    __aeabi_memclr4                          0x080001ef   Thumb Code     0  memseta.o(.text)
    __aeabi_memclr8                          0x080001ef   Thumb Code     0  memseta.o(.text)
    memset                                   0x080001f3   Thumb Code    18  memseta.o(.text)
    __aeabi_cdcmpeq                          0x08000205   Thumb Code     0  cdcmple.o(.text)
    __aeabi_cdcmple                          0x08000205   Thumb Code    48  cdcmple.o(.text)
    __aeabi_cfcmpeq                          0x08000235   Thumb Code     0  cfcmple.o(.text)
    __aeabi_cfcmple                          0x08000235   Thumb Code    20  cfcmple.o(.text)
    __I$use$fp                               0x08000249   Thumb Code     0  iusefp.o(.text)
    __scatterload                            0x08000249   Thumb Code    28  init.o(.text)
    __scatterload_rt2                        0x08000249   Thumb Code     0  init.o(.text)
    __decompress                             0x0800026d   Thumb Code     0  __dczerorl2.o(.text)
    __decompress1                            0x0800026d   Thumb Code    86  __dczerorl2.o(.text)
    BusFault_Handler                         0x080002c3   Thumb Code     4  stm32f1xx_it.o(i.BusFault_Handler)
    CallBack_Func_FID_Gear_Or_TCD_Current    0x080002c9   Thumb Code   276  dataout.o(i.CallBack_Func_FID_Gear_Or_TCD_Current)
    CallBack_Func_IO_output                  0x080003e9   Thumb Code     2  callback.o(i.CallBack_Func_IO_output)
    CallBack_Func_Sensor_SET_NodeID          0x080003ed   Thumb Code   116  dev_ini.o(i.CallBack_Func_Sensor_SET_NodeID)
    CallBack_Func_backdoor_D_set             0x08000479   Thumb Code     2  callback.o(i.CallBack_Func_backdoor_D_set)
    CallBack_Func_backdoor_P_set             0x0800047b   Thumb Code     2  callback.o(i.CallBack_Func_backdoor_P_set)
    CallBack_Func_channel0_work_mode_set     0x0800047d   Thumb Code     2  callback.o(i.CallBack_Func_channel0_work_mode_set)
    CallBack_Func_channel_switch_set         0x0800047f   Thumb Code     2  callback.o(i.CallBack_Func_channel_switch_set)
    CallBack_Func_channel_xD_set             0x08000481   Thumb Code     2  callback.o(i.CallBack_Func_channel_xD_set)
    CallBack_Func_channel_xI_set             0x08000483   Thumb Code     2  callback.o(i.CallBack_Func_channel_xI_set)
    CallBack_Func_channel_xP_set             0x08000485   Thumb Code     2  callback.o(i.CallBack_Func_channel_xP_set)
    CallBack_Func_channelx_fire_current_or_power_set 0x08000487   Thumb Code     2  callback.o(i.CallBack_Func_channelx_fire_current_or_power_set)
    CallBack_Func_channelx_fire_time_set     0x08000489   Thumb Code     2  callback.o(i.CallBack_Func_channelx_fire_time_set)
    CallBack_Func_channelx_temperature_protection_set 0x0800048b   Thumb Code     2  callback.o(i.CallBack_Func_channelx_temperature_protection_set)
    CallBack_Func_channelx_temperature_set   0x0800048d   Thumb Code     8  callback.o(i.CallBack_Func_channelx_temperature_set)
    CallBack_Func_fire_switch                0x08000499   Thumb Code     2  callback.o(i.CallBack_Func_fire_switch)
    ConsumerStarttTask                       0x0800049b   Thumb Code    14  main.o(i.ConsumerStarttTask)
    Consumer_Event                           0x080004a9   Thumb Code   166  consumer.o(i.Consumer_Event)
    Data_Output_Task                         0x08000561   Thumb Code    80  dataout.o(i.Data_Output_Task)
    DebugMon_Handler                         0x080005c9   Thumb Code     2  stm32f1xx_it.o(i.DebugMon_Handler)
    Deliver_Event                            0x080005cd   Thumb Code   172  producer.o(i.Deliver_Event)
    Error_Handler                            0x08000681   Thumb Code    62  main.o(i.Error_Handler)
    HAL_CAN_ActivateNotification             0x080006c5   Thumb Code    42  stm32f1xx_hal_can.o(i.HAL_CAN_ActivateNotification)
    HAL_CAN_AddTxMessage                     0x080006ef   Thumb Code   342  stm32f1xx_hal_can.o(i.HAL_CAN_AddTxMessage)
    HAL_CAN_ConfigFilter                     0x08000845   Thumb Code   266  stm32f1xx_hal_can.o(i.HAL_CAN_ConfigFilter)
    HAL_CAN_ErrorCallback                    0x0800094f   Thumb Code     2  stm32f1xx_hal_can.o(i.HAL_CAN_ErrorCallback)
    HAL_CAN_GetRxMessage                     0x08000951   Thumb Code   378  stm32f1xx_hal_can.o(i.HAL_CAN_GetRxMessage)
    HAL_CAN_IRQHandler                       0x08000acb   Thumb Code   590  stm32f1xx_hal_can.o(i.HAL_CAN_IRQHandler)
    HAL_CAN_Init                             0x08000d19   Thumb Code   372  stm32f1xx_hal_can.o(i.HAL_CAN_Init)
    HAL_CAN_MspInit                          0x08000e8d   Thumb Code   138  stm32f1xx_hal_msp.o(i.HAL_CAN_MspInit)
    HAL_CAN_RxFifo0FullCallback              0x08000f25   Thumb Code     2  stm32f1xx_hal_can.o(i.HAL_CAN_RxFifo0FullCallback)
    HAL_CAN_RxFifo0MsgPendingCallback        0x08000f29   Thumb Code    86  consumer.o(i.HAL_CAN_RxFifo0MsgPendingCallback)
    HAL_CAN_RxFifo1FullCallback              0x08000f85   Thumb Code     2  stm32f1xx_hal_can.o(i.HAL_CAN_RxFifo1FullCallback)
    HAL_CAN_RxFifo1MsgPendingCallback        0x08000f89   Thumb Code    86  consumer.o(i.HAL_CAN_RxFifo1MsgPendingCallback)
    HAL_CAN_SleepCallback                    0x08000fe5   Thumb Code     2  stm32f1xx_hal_can.o(i.HAL_CAN_SleepCallback)
    HAL_CAN_Start                            0x08000fe7   Thumb Code    94  stm32f1xx_hal_can.o(i.HAL_CAN_Start)
    HAL_CAN_TxMailbox0AbortCallback          0x08001045   Thumb Code     2  stm32f1xx_hal_can.o(i.HAL_CAN_TxMailbox0AbortCallback)
    HAL_CAN_TxMailbox0CompleteCallback       0x08001047   Thumb Code     2  stm32f1xx_hal_can.o(i.HAL_CAN_TxMailbox0CompleteCallback)
    HAL_CAN_TxMailbox1AbortCallback          0x08001049   Thumb Code     2  stm32f1xx_hal_can.o(i.HAL_CAN_TxMailbox1AbortCallback)
    HAL_CAN_TxMailbox1CompleteCallback       0x0800104b   Thumb Code     2  stm32f1xx_hal_can.o(i.HAL_CAN_TxMailbox1CompleteCallback)
    HAL_CAN_TxMailbox2AbortCallback          0x0800104d   Thumb Code     2  stm32f1xx_hal_can.o(i.HAL_CAN_TxMailbox2AbortCallback)
    HAL_CAN_TxMailbox2CompleteCallback       0x0800104f   Thumb Code     2  stm32f1xx_hal_can.o(i.HAL_CAN_TxMailbox2CompleteCallback)
    HAL_CAN_WakeUpFromRxMsgCallback          0x08001051   Thumb Code     2  stm32f1xx_hal_can.o(i.HAL_CAN_WakeUpFromRxMsgCallback)
    HAL_Delay                                0x08001055   Thumb Code    36  stm32f1xx_hal.o(i.HAL_Delay)
    HAL_GPIO_Init                            0x0800107d   Thumb Code   766  stm32f1xx_hal_gpio.o(i.HAL_GPIO_Init)
    HAL_GPIO_ReadPin                         0x0800139d   Thumb Code    16  stm32f1xx_hal_gpio.o(i.HAL_GPIO_ReadPin)
    HAL_GPIO_TogglePin                       0x080013ad   Thumb Code    20  stm32f1xx_hal_gpio.o(i.HAL_GPIO_TogglePin)
    HAL_GPIO_WritePin                        0x080013c1   Thumb Code    12  stm32f1xx_hal_gpio.o(i.HAL_GPIO_WritePin)
    HAL_GetTick                              0x080013cd   Thumb Code     6  stm32f1xx_hal.o(i.HAL_GetTick)
    HAL_IncTick                              0x080013d9   Thumb Code    16  stm32f1xx_hal.o(i.HAL_IncTick)
    HAL_Init                                 0x080013f1   Thumb Code    34  stm32f1xx_hal.o(i.HAL_Init)
    HAL_InitTick                             0x08001419   Thumb Code   120  stm32f1xx_hal_timebase_tim.o(i.HAL_InitTick)
    HAL_MspInit                              0x0800149d   Thumb Code    86  stm32f1xx_hal_msp.o(i.HAL_MspInit)
    HAL_NVIC_EnableIRQ                       0x080014fd   Thumb Code    32  stm32f1xx_hal_cortex.o(i.HAL_NVIC_EnableIRQ)
    HAL_NVIC_SetPriority                     0x0800151d   Thumb Code   124  stm32f1xx_hal_cortex.o(i.HAL_NVIC_SetPriority)
    HAL_NVIC_SetPriorityGrouping             0x08001599   Thumb Code    32  stm32f1xx_hal_cortex.o(i.HAL_NVIC_SetPriorityGrouping)
    HAL_RCC_ClockConfig                      0x080015c1   Thumb Code   376  stm32f1xx_hal_rcc.o(i.HAL_RCC_ClockConfig)
    HAL_RCC_GetClockConfig                   0x0800174d   Thumb Code    58  stm32f1xx_hal_rcc.o(i.HAL_RCC_GetClockConfig)
    HAL_RCC_GetHCLKFreq                      0x08001791   Thumb Code     6  stm32f1xx_hal_rcc.o(i.HAL_RCC_GetHCLKFreq)
    HAL_RCC_GetPCLK1Freq                     0x0800179d   Thumb Code    22  stm32f1xx_hal_rcc.o(i.HAL_RCC_GetPCLK1Freq)
    HAL_RCC_GetSysClockFreq                  0x080017bd   Thumb Code   116  stm32f1xx_hal_rcc.o(i.HAL_RCC_GetSysClockFreq)
    HAL_RCC_OscConfig                        0x08001851   Thumb Code  1114  stm32f1xx_hal_rcc.o(i.HAL_RCC_OscConfig)
    HAL_SPI_Init                             0x08001cb5   Thumb Code   190  stm32f1xx_hal_spi.o(i.HAL_SPI_Init)
    HAL_SPI_MspInit                          0x08001d75   Thumb Code   120  stm32f1xx_hal_msp.o(i.HAL_SPI_MspInit)
    HAL_SPI_Receive                          0x08001df9   Thumb Code   368  stm32f1xx_hal_spi.o(i.HAL_SPI_Receive)
    HAL_SPI_Transmit                         0x08001f69   Thumb Code   430  stm32f1xx_hal_spi.o(i.HAL_SPI_Transmit)
    HAL_SPI_TransmitReceive                  0x08002117   Thumb Code   554  stm32f1xx_hal_spi.o(i.HAL_SPI_TransmitReceive)
    HAL_TIMEx_BreakCallback                  0x08002341   Thumb Code     2  stm32f1xx_hal_tim_ex.o(i.HAL_TIMEx_BreakCallback)
    HAL_TIMEx_CommutCallback                 0x08002343   Thumb Code     2  stm32f1xx_hal_tim_ex.o(i.HAL_TIMEx_CommutCallback)
    HAL_TIMEx_MasterConfigSynchronization    0x08002345   Thumb Code   118  stm32f1xx_hal_tim_ex.o(i.HAL_TIMEx_MasterConfigSynchronization)
    HAL_TIM_Base_Init                        0x080023c9   Thumb Code   102  stm32f1xx_hal_tim.o(i.HAL_TIM_Base_Init)
    HAL_TIM_Base_MspInit                     0x08002431   Thumb Code    58  stm32f1xx_hal_msp.o(i.HAL_TIM_Base_MspInit)
    HAL_TIM_Base_Start_IT                    0x08002475   Thumb Code   106  stm32f1xx_hal_tim.o(i.HAL_TIM_Base_Start_IT)
    HAL_TIM_ConfigClockSource                0x080024ed   Thumb Code   264  stm32f1xx_hal_tim.o(i.HAL_TIM_ConfigClockSource)
    HAL_TIM_IC_CaptureCallback               0x080025f5   Thumb Code     2  stm32f1xx_hal_tim.o(i.HAL_TIM_IC_CaptureCallback)
    HAL_TIM_IRQHandler                       0x080025f7   Thumb Code   406  stm32f1xx_hal_tim.o(i.HAL_TIM_IRQHandler)
    HAL_TIM_OC_DelayElapsedCallback          0x0800278d   Thumb Code     2  stm32f1xx_hal_tim.o(i.HAL_TIM_OC_DelayElapsedCallback)
    HAL_TIM_PWM_PulseFinishedCallback        0x0800278f   Thumb Code     2  stm32f1xx_hal_tim.o(i.HAL_TIM_PWM_PulseFinishedCallback)
    HAL_TIM_PeriodElapsedCallback            0x08002791   Thumb Code    62  main.o(i.HAL_TIM_PeriodElapsedCallback)
    HAL_TIM_TriggerCallback                  0x080027e1   Thumb Code     2  stm32f1xx_hal_tim.o(i.HAL_TIM_TriggerCallback)
    HardFault_Handler                        0x080027e3   Thumb Code     4  stm32f1xx_it.o(i.HardFault_Handler)
    MemManage_Handler                        0x080029c9   Thumb Code     4  stm32f1xx_it.o(i.MemManage_Handler)
    NMI_Handler                              0x080029cd   Thumb Code     4  stm32f1xx_it.o(i.NMI_Handler)
    ProducerStartTask                        0x080029d1   Thumb Code    18  main.o(i.ProducerStartTask)
    Producer_Event                           0x080029e5   Thumb Code   398  producer.o(i.Producer_Event)
    Producet_ad_Task                         0x08002b8d   Thumb Code    14  main.o(i.Producet_ad_Task)
    Set_Can_Filter                           0x08002dbd   Thumb Code   150  can_filter_init.o(i.Set_Can_Filter)
    Set_Can_Filter1                          0x08002e59   Thumb Code   110  can_filter_init.o(i.Set_Can_Filter1)
    Set_Can_ID_Mode                          0x08002ecd   Thumb Code    72  can_filter_init.o(i.Set_Can_ID_Mode)
    Set_FidMode                              0x08002f15   Thumb Code    96  dataout.o(i.Set_FidMode)
    SysTick_Handler                          0x08002f7d   Thumb Code    46  port.o(i.SysTick_Handler)
    SystemClock_Config                       0x08002fb1   Thumb Code   102  main.o(i.SystemClock_Config)
    SystemInit                               0x08003017   Thumb Code     2  system_stm32f1xx.o(i.SystemInit)
    TIM1_UP_IRQHandler                       0x08003019   Thumb Code    10  stm32f1xx_it.o(i.TIM1_UP_IRQHandler)
    TIM2_IRQHandler                          0x08003029   Thumb Code    10  stm32f1xx_it.o(i.TIM2_IRQHandler)
    TIM_Base_SetConfig                       0x08003039   Thumb Code   104  stm32f1xx_hal_tim.o(i.TIM_Base_SetConfig)
    TIM_ETR_SetConfig                        0x080030ad   Thumb Code    22  stm32f1xx_hal_tim.o(i.TIM_ETR_SetConfig)
    USB_LP_CAN1_RX0_IRQHandler               0x08003125   Thumb Code    10  stm32f1xx_it.o(i.USB_LP_CAN1_RX0_IRQHandler)
    UsageFault_Handler                       0x08003135   Thumb Code     4  stm32f1xx_it.o(i.UsageFault_Handler)
    __scatterload_copy                       0x08003171   Thumb Code    14  handlers.o(i.__scatterload_copy)
    __scatterload_null                       0x0800317f   Thumb Code     2  handlers.o(i.__scatterload_null)
    __scatterload_zeroinit                   0x08003181   Thumb Code    14  handlers.o(i.__scatterload_zeroinit)
    ad7172_ini                               0x080031d1   Thumb Code    84  ad7172-2.o(i.ad7172_ini)
    ad7172_read                              0x08003225   Thumb Code   162  ad7172-2.o(i.ad7172_read)
    ad7172_write                             0x080032d1   Thumb Code    64  ad7172-2.o(i.ad7172_write)
    main                                     0x08003889   Thumb Code   112  main.o(i.main)
    osDelay                                  0x08003917   Thumb Code    24  cmsis_os.o(i.osDelay)
    osKernelStart                            0x0800392f   Thumb Code    10  cmsis_os.o(i.osKernelStart)
    osThreadCreate                           0x08003939   Thumb Code    94  cmsis_os.o(i.osThreadCreate)
    pvPortMalloc                             0x08003e11   Thumb Code   296  heap_4.o(i.pvPortMalloc)
    pxPortInitialiseStack                    0x08003f4d   Thumb Code    30  port.o(i.pxPortInitialiseStack)
    uxListRemove                             0x080041c9   Thumb Code    40  list.o(i.uxListRemove)
    vApplicationGetIdleTaskMemory            0x080041f1   Thumb Code    14  freertos.o(i.vApplicationGetIdleTaskMemory)
    vListInitialise                          0x08004209   Thumb Code    26  list.o(i.vListInitialise)
    vListInitialiseItem                      0x08004223   Thumb Code     6  list.o(i.vListInitialiseItem)
    vListInsert                              0x08004229   Thumb Code    52  list.o(i.vListInsert)
    vListInsertEnd                           0x0800425d   Thumb Code    24  list.o(i.vListInsertEnd)
    vPortEnterCritical                       0x08004275   Thumb Code    76  port.o(i.vPortEnterCritical)
    vPortExitCritical                        0x080042c9   Thumb Code    56  port.o(i.vPortExitCritical)
    vPortFree                                0x08004305   Thumb Code   140  heap_4.o(i.vPortFree)
    vPortSetupTimerInterrupt                 0x08004399   Thumb Code    36  port.o(i.vPortSetupTimerInterrupt)
    vTaskDelay                               0x080043c1   Thumb Code    82  tasks.o(i.vTaskDelay)
    vTaskStartScheduler                      0x0800441d   Thumb Code   146  tasks.o(i.vTaskStartScheduler)
    vTaskSuspendAll                          0x080044cd   Thumb Code    12  tasks.o(i.vTaskSuspendAll)
    vTaskSwitchContext                       0x080044dd   Thumb Code   118  tasks.o(i.vTaskSwitchContext)
    xPortStartScheduler                      0x08004569   Thumb Code   228  port.o(i.xPortStartScheduler)
    xTaskCreate                              0x08004661   Thumb Code   100  tasks.o(i.xTaskCreate)
    xTaskCreateStatic                        0x080046c5   Thumb Code   184  tasks.o(i.xTaskCreateStatic)
    xTaskIncrementTick                       0x0800477d   Thumb Code   282  tasks.o(i.xTaskIncrementTick)
    xTaskResumeAll                           0x080048c5   Thumb Code   224  tasks.o(i.xTaskResumeAll)
    AHBPrescTable                            0x08004a1c   Data          16  system_stm32f1xx.o(.constdata)
    APBPrescTable                            0x08004a2c   Data           8  system_stm32f1xx.o(.constdata)
    Data_Length                              0x08004a34   Data          12  producer.o(.constdata)
    Dictionary_Data                          0x08004a40   Data        2000  dictionary.o(.constdata)
    Region$$Table$$Base                      0x08005240   Number         0  anon$$obj.o(Region$$Table)
    Region$$Table$$Limit                     0x08005260   Number         0  anon$$obj.o(Region$$Table)
    ConsumerTaskHandle                       0x20000000   Data           4  main.o(.data)
    ProducerTaskHandle                       0x20000004   Data           4  main.o(.data)
    Producet_ad_TasHandle                    0x20000008   Data           4  main.o(.data)
    flag                                     0x2000000c   Data           4  main.o(.data)
    uwTick                                   0x20000010   Data           4  stm32f1xx_hal.o(.data)
    uwTickPrio                               0x20000014   Data           4  stm32f1xx_hal.o(.data)
    uwTickFreq                               0x20000018   Data           1  stm32f1xx_hal.o(.data)
    SystemCoreClock                          0x2000001c   Data           4  system_stm32f1xx.o(.data)
    b                                        0x20000020   Data           4  callback.o(.data)
    ContentsDictionary                       0x200000b4   Data         224  dictionary.o(.data)
    SN                                       0x20000194   Data           7  dictionary.o(.data)
    Rx_ID                                    0x2000019b   Data           7  dictionary.o(.data)
    AD_Data                                  0x200001a4   Data           4  dictionary.o(.data)
    AD_Data_Filiter                          0x200001a8   Data           4  dictionary.o(.data)
    sensor_type                              0x200001ac   Data           1  dictionary.o(.data)
    sensor_type1                             0x200001ad   Data           1  dictionary.o(.data)
    FID_Gear_Or_TCD_Current                  0x200001ae   Data           2  dictionary.o(.data)
    AD7172_uData                             0x200001b0   Data           4  dataout.o(.data)
    AD7172_Data                              0x200001b4   Data           4  dataout.o(.data)
    OneConvert                               0x200001b8   Data           4  dataout.o(.data)
    LedFlash                                 0x200001bc   Data           4  dataout.o(.data)
    Fid                                      0x200001c0   Data          12  dataout.o(.data)
    W32                                      0x200001cc   Data           5  dataout.o(.data)
    Sem_Sn                                   0x200001d4   Data           4  dev_ini.o(.data)
    x                                        0x200001d8   Data           2  dev_ini.o(.data)
    pxCurrentTCB                             0x200001dc   Data           4  tasks.o(.data)
    hcan                                     0x2000023c   Data          40  main.o(.bss)
    hspi1                                    0x20000264   Data          88  main.o(.bss)
    htim1                                    0x200002bc   Data          72  main.o(.bss)
    htim2                                    0x20000558   Data          72  stm32f1xx_hal_timebase_tim.o(.bss)
    CAN_Rx_Queue                             0x200005a0   Data        4008  consumer.o(.bss)
    Send_High_Priority_Queue                 0x20001548   Data        1008  producer.o(.bss)
    Send_Low_Priority_Queue                  0x20001938   Data        1008  producer.o(.bss)
    BufferData                               0x20001d28   Data         400  dictionary.o(.bss)
    __initial_sp                             0x20002fa8   Data           0  startup_stm32f103xb.o(STACK)



==============================================================================

Memory Map of the image

  Image Entry point : 0x080000ed

  Load Region LR_IROM1 (Base: 0x08000000, Size: 0x0000549c, Max: 0x00010000, ABSOLUTE, COMPRESSED[0x000052f4])

    Execution Region ER_IROM1 (Base: 0x08000000, Size: 0x00005260, Max: 0x00010000, ABSOLUTE)

    Base Addr    Size         Type   Attr      Idx    E Section Name        Object

    0x08000000   0x000000ec   Data   RO            3    RESET               startup_stm32f103xb.o
    0x080000ec   0x00000000   Code   RO         5047  * .ARM.Collect$$$$00000000  mc_w.l(entry.o)
    0x080000ec   0x00000004   Code   RO         5074    .ARM.Collect$$$$00000001  mc_w.l(entry2.o)
    0x080000f0   0x00000004   Code   RO         5077    .ARM.Collect$$$$00000004  mc_w.l(entry5.o)
    0x080000f4   0x00000000   Code   RO         5079    .ARM.Collect$$$$00000008  mc_w.l(entry7b.o)
    0x080000f4   0x00000000   Code   RO         5081    .ARM.Collect$$$$0000000A  mc_w.l(entry8b.o)
    0x080000f4   0x00000008   Code   RO         5082    .ARM.Collect$$$$0000000B  mc_w.l(entry9a.o)
    0x080000fc   0x00000000   Code   RO         5084    .ARM.Collect$$$$0000000D  mc_w.l(entry10a.o)
    0x080000fc   0x00000000   Code   RO         5086    .ARM.Collect$$$$0000000F  mc_w.l(entry11a.o)
    0x080000fc   0x00000004   Code   RO         5075    .ARM.Collect$$$$00002712  mc_w.l(entry2.o)
    0x08000100   0x00000096   Code   RO         4970    .emb_text           port.o
    0x08000196   0x00000002   PAD
    0x08000198   0x00000024   Code   RO            4    .text               startup_stm32f103xb.o
    0x080001bc   0x00000024   Code   RO         5052    .text               mc_w.l(memcpya.o)
    0x080001e0   0x00000024   Code   RO         5056    .text               mc_w.l(memseta.o)
    0x08000204   0x00000030   Code   RO         5070    .text               mf_w.l(cdcmple.o)
    0x08000234   0x00000014   Code   RO         5072    .text               mf_w.l(cfcmple.o)
    0x08000248   0x00000000   Code   RO         5088    .text               mc_w.l(iusefp.o)
    0x08000248   0x00000024   Code   RO         5091    .text               mc_w.l(init.o)
    0x0800026c   0x00000056   Code   RO         5101    .text               mc_w.l(__dczerorl2.o)
    0x080002c2   0x00000004   Code   RO          293    i.BusFault_Handler  stm32f1xx_it.o
    0x080002c6   0x00000002   PAD
    0x080002c8   0x00000120   Code   RO         3650    i.CallBack_Func_FID_Gear_Or_TCD_Current  dataout.o
    0x080003e8   0x00000002   Code   RO         3088    i.CallBack_Func_IO_output  callback.o
    0x080003ea   0x00000002   PAD
    0x080003ec   0x0000008c   Code   RO         3704    i.CallBack_Func_Sensor_SET_NodeID  dev_ini.o
    0x08000478   0x00000002   Code   RO         3090    i.CallBack_Func_backdoor_D_set  callback.o
    0x0800047a   0x00000002   Code   RO         3092    i.CallBack_Func_backdoor_P_set  callback.o
    0x0800047c   0x00000002   Code   RO         3093    i.CallBack_Func_channel0_work_mode_set  callback.o
    0x0800047e   0x00000002   Code   RO         3094    i.CallBack_Func_channel_switch_set  callback.o
    0x08000480   0x00000002   Code   RO         3095    i.CallBack_Func_channel_xD_set  callback.o
    0x08000482   0x00000002   Code   RO         3096    i.CallBack_Func_channel_xI_set  callback.o
    0x08000484   0x00000002   Code   RO         3097    i.CallBack_Func_channel_xP_set  callback.o
    0x08000486   0x00000002   Code   RO         3098    i.CallBack_Func_channelx_fire_current_or_power_set  callback.o
    0x08000488   0x00000002   Code   RO         3099    i.CallBack_Func_channelx_fire_time_set  callback.o
    0x0800048a   0x00000002   Code   RO         3100    i.CallBack_Func_channelx_temperature_protection_set  callback.o
    0x0800048c   0x0000000c   Code   RO         3101    i.CallBack_Func_channelx_temperature_set  callback.o
    0x08000498   0x00000002   Code   RO         3102    i.CallBack_Func_fire_switch  callback.o
    0x0800049a   0x0000000e   Code   RO           13    i.ConsumerStarttTask  main.o
    0x080004a8   0x000000b8   Code   RO         3268    i.Consumer_Event    consumer.o
    0x08000560   0x00000068   Code   RO         3651    i.Data_Output_Task  dataout.o
    0x080005c8   0x00000002   Code   RO          294    i.DebugMon_Handler  stm32f1xx_it.o
    0x080005ca   0x00000002   PAD
    0x080005cc   0x000000b4   Code   RO         3376    i.Deliver_Event     producer.o
    0x08000680   0x00000044   Code   RO           14    i.Error_Handler     main.o
    0x080006c4   0x0000002a   Code   RO          505    i.HAL_CAN_ActivateNotification  stm32f1xx_hal_can.o
    0x080006ee   0x00000156   Code   RO          506    i.HAL_CAN_AddTxMessage  stm32f1xx_hal_can.o
    0x08000844   0x0000010a   Code   RO          507    i.HAL_CAN_ConfigFilter  stm32f1xx_hal_can.o
    0x0800094e   0x00000002   Code   RO          510    i.HAL_CAN_ErrorCallback  stm32f1xx_hal_can.o
    0x08000950   0x0000017a   Code   RO          513    i.HAL_CAN_GetRxMessage  stm32f1xx_hal_can.o
    0x08000aca   0x0000024e   Code   RO          517    i.HAL_CAN_IRQHandler  stm32f1xx_hal_can.o
    0x08000d18   0x00000174   Code   RO          518    i.HAL_CAN_Init      stm32f1xx_hal_can.o
    0x08000e8c   0x00000098   Code   RO          370    i.HAL_CAN_MspInit   stm32f1xx_hal_msp.o
    0x08000f24   0x00000002   Code   RO          525    i.HAL_CAN_RxFifo0FullCallback  stm32f1xx_hal_can.o
    0x08000f26   0x00000002   PAD
    0x08000f28   0x0000005c   Code   RO         3269    i.HAL_CAN_RxFifo0MsgPendingCallback  consumer.o
    0x08000f84   0x00000002   Code   RO          527    i.HAL_CAN_RxFifo1FullCallback  stm32f1xx_hal_can.o
    0x08000f86   0x00000002   PAD
    0x08000f88   0x0000005c   Code   RO         3270    i.HAL_CAN_RxFifo1MsgPendingCallback  consumer.o
    0x08000fe4   0x00000002   Code   RO          529    i.HAL_CAN_SleepCallback  stm32f1xx_hal_can.o
    0x08000fe6   0x0000005e   Code   RO          530    i.HAL_CAN_Start     stm32f1xx_hal_can.o
    0x08001044   0x00000002   Code   RO          532    i.HAL_CAN_TxMailbox0AbortCallback  stm32f1xx_hal_can.o
    0x08001046   0x00000002   Code   RO          533    i.HAL_CAN_TxMailbox0CompleteCallback  stm32f1xx_hal_can.o
    0x08001048   0x00000002   Code   RO          534    i.HAL_CAN_TxMailbox1AbortCallback  stm32f1xx_hal_can.o
    0x0800104a   0x00000002   Code   RO          535    i.HAL_CAN_TxMailbox1CompleteCallback  stm32f1xx_hal_can.o
    0x0800104c   0x00000002   Code   RO          536    i.HAL_CAN_TxMailbox2AbortCallback  stm32f1xx_hal_can.o
    0x0800104e   0x00000002   Code   RO          537    i.HAL_CAN_TxMailbox2CompleteCallback  stm32f1xx_hal_can.o
    0x08001050   0x00000002   Code   RO          539    i.HAL_CAN_WakeUpFromRxMsgCallback  stm32f1xx_hal_can.o
    0x08001052   0x00000002   PAD
    0x08001054   0x00000028   Code   RO          745    i.HAL_Delay         stm32f1xx_hal.o
    0x0800107c   0x00000320   Code   RO         1058    i.HAL_GPIO_Init     stm32f1xx_hal_gpio.o
    0x0800139c   0x00000010   Code   RO         1060    i.HAL_GPIO_ReadPin  stm32f1xx_hal_gpio.o
    0x080013ac   0x00000014   Code   RO         1061    i.HAL_GPIO_TogglePin  stm32f1xx_hal_gpio.o
    0x080013c0   0x0000000c   Code   RO         1062    i.HAL_GPIO_WritePin  stm32f1xx_hal_gpio.o
    0x080013cc   0x0000000c   Code   RO          749    i.HAL_GetTick       stm32f1xx_hal.o
    0x080013d8   0x00000018   Code   RO          755    i.HAL_IncTick       stm32f1xx_hal.o
    0x080013f0   0x00000028   Code   RO          756    i.HAL_Init          stm32f1xx_hal.o
    0x08001418   0x00000084   Code   RO          429    i.HAL_InitTick      stm32f1xx_hal_timebase_tim.o
    0x0800149c   0x00000060   Code   RO          371    i.HAL_MspInit       stm32f1xx_hal_msp.o
    0x080014fc   0x00000020   Code   RO         1218    i.HAL_NVIC_EnableIRQ  stm32f1xx_hal_cortex.o
    0x0800151c   0x0000007c   Code   RO         1224    i.HAL_NVIC_SetPriority  stm32f1xx_hal_cortex.o
    0x08001598   0x00000028   Code   RO         1225    i.HAL_NVIC_SetPriorityGrouping  stm32f1xx_hal_cortex.o
    0x080015c0   0x0000018c   Code   RO          913    i.HAL_RCC_ClockConfig  stm32f1xx_hal_rcc.o
    0x0800174c   0x00000044   Code   RO          917    i.HAL_RCC_GetClockConfig  stm32f1xx_hal_rcc.o
    0x08001790   0x0000000c   Code   RO          918    i.HAL_RCC_GetHCLKFreq  stm32f1xx_hal_rcc.o
    0x0800179c   0x00000020   Code   RO          920    i.HAL_RCC_GetPCLK1Freq  stm32f1xx_hal_rcc.o
    0x080017bc   0x00000094   Code   RO          922    i.HAL_RCC_GetSysClockFreq  stm32f1xx_hal_rcc.o
    0x08001850   0x00000464   Code   RO          925    i.HAL_RCC_OscConfig  stm32f1xx_hal_rcc.o
    0x08001cb4   0x000000be   Code   RO         1755    i.HAL_SPI_Init      stm32f1xx_hal_spi.o
    0x08001d72   0x00000002   PAD
    0x08001d74   0x00000084   Code   RO          373    i.HAL_SPI_MspInit   stm32f1xx_hal_msp.o
    0x08001df8   0x00000170   Code   RO         1758    i.HAL_SPI_Receive   stm32f1xx_hal_spi.o
    0x08001f68   0x000001ae   Code   RO         1763    i.HAL_SPI_Transmit  stm32f1xx_hal_spi.o
    0x08002116   0x0000022a   Code   RO         1764    i.HAL_SPI_TransmitReceive  stm32f1xx_hal_spi.o
    0x08002340   0x00000002   Code   RO         2783    i.HAL_TIMEx_BreakCallback  stm32f1xx_hal_tim_ex.o
    0x08002342   0x00000002   Code   RO         2784    i.HAL_TIMEx_CommutCallback  stm32f1xx_hal_tim_ex.o
    0x08002344   0x00000084   Code   RO         2802    i.HAL_TIMEx_MasterConfigSynchronization  stm32f1xx_hal_tim_ex.o
    0x080023c8   0x00000066   Code   RO         2068    i.HAL_TIM_Base_Init  stm32f1xx_hal_tim.o
    0x0800242e   0x00000002   PAD
    0x08002430   0x00000044   Code   RO          375    i.HAL_TIM_Base_MspInit  stm32f1xx_hal_msp.o
    0x08002474   0x00000078   Code   RO         2073    i.HAL_TIM_Base_Start_IT  stm32f1xx_hal_tim.o
    0x080024ec   0x00000108   Code   RO         2077    i.HAL_TIM_ConfigClockSource  stm32f1xx_hal_tim.o
    0x080025f4   0x00000002   Code   RO         2102    i.HAL_TIM_IC_CaptureCallback  stm32f1xx_hal_tim.o
    0x080025f6   0x00000196   Code   RO         2116    i.HAL_TIM_IRQHandler  stm32f1xx_hal_tim.o
    0x0800278c   0x00000002   Code   RO         2119    i.HAL_TIM_OC_DelayElapsedCallback  stm32f1xx_hal_tim.o
    0x0800278e   0x00000002   Code   RO         2146    i.HAL_TIM_PWM_PulseFinishedCallback  stm32f1xx_hal_tim.o
    0x08002790   0x00000050   Code   RO           15    i.HAL_TIM_PeriodElapsedCallback  main.o
    0x080027e0   0x00000002   Code   RO         2159    i.HAL_TIM_TriggerCallback  stm32f1xx_hal_tim.o
    0x080027e2   0x00000004   Code   RO          295    i.HardFault_Handler  stm32f1xx_it.o
    0x080027e6   0x00000002   PAD
    0x080027e8   0x0000004c   Code   RO           16    i.MX_CAN_Init       main.o
    0x08002834   0x000000d8   Code   RO           17    i.MX_GPIO_Init      main.o
    0x0800290c   0x00000048   Code   RO           18    i.MX_SPI1_Init      main.o
    0x08002954   0x00000074   Code   RO           19    i.MX_TIM1_Init      main.o
    0x080029c8   0x00000004   Code   RO          296    i.MemManage_Handler  stm32f1xx_it.o
    0x080029cc   0x00000004   Code   RO          297    i.NMI_Handler       stm32f1xx_it.o
    0x080029d0   0x00000012   Code   RO           20    i.ProducerStartTask  main.o
    0x080029e2   0x00000002   PAD
    0x080029e4   0x000001a8   Code   RO         3377    i.Producer_Event    producer.o
    0x08002b8c   0x0000000e   Code   RO           21    i.Producet_ad_Task  main.o
    0x08002b9a   0x00000002   PAD
    0x08002b9c   0x00000028   Code   RO          926    i.RCC_Delay         stm32f1xx_hal_rcc.o
    0x08002bc4   0x00000078   Code   RO         1792    i.SPI_EndRxTransaction  stm32f1xx_hal_spi.o
    0x08002c3c   0x00000028   Code   RO         1793    i.SPI_EndRxTxTransaction  stm32f1xx_hal_spi.o
    0x08002c64   0x000000d8   Code   RO         1798    i.SPI_WaitFlagStateUntilTimeout  stm32f1xx_hal_spi.o
    0x08002d3c   0x00000080   Code   RO         3378    i.Send_MessagesQueue  producer.o
    0x08002dbc   0x0000009c   Code   RO         3537    i.Set_Can_Filter    can_filter_init.o
    0x08002e58   0x00000074   Code   RO         3538    i.Set_Can_Filter1   can_filter_init.o
    0x08002ecc   0x00000048   Code   RO         3539    i.Set_Can_ID_Mode   can_filter_init.o
    0x08002f14   0x00000068   Code   RO         3652    i.Set_FidMode       dataout.o
    0x08002f7c   0x00000034   Code   RO         4971    i.SysTick_Handler   port.o
    0x08002fb0   0x00000066   Code   RO           22    i.SystemClock_Config  main.o
    0x08003016   0x00000002   Code   RO         3051    i.SystemInit        system_stm32f1xx.o
    0x08003018   0x00000010   Code   RO          298    i.TIM1_UP_IRQHandler  stm32f1xx_it.o
    0x08003028   0x00000010   Code   RO          299    i.TIM2_IRQHandler   stm32f1xx_it.o
    0x08003038   0x00000074   Code   RO         2161    i.TIM_Base_SetConfig  stm32f1xx_hal_tim.o
    0x080030ac   0x00000016   Code   RO         2172    i.TIM_ETR_SetConfig  stm32f1xx_hal_tim.o
    0x080030c2   0x00000012   Code   RO         2173    i.TIM_ITRx_SetConfig  stm32f1xx_hal_tim.o
    0x080030d4   0x00000026   Code   RO         2179    i.TIM_TI1_ConfigInputStage  stm32f1xx_hal_tim.o
    0x080030fa   0x00000028   Code   RO         2181    i.TIM_TI2_ConfigInputStage  stm32f1xx_hal_tim.o
    0x08003122   0x00000002   PAD
    0x08003124   0x00000010   Code   RO          300    i.USB_LP_CAN1_RX0_IRQHandler  stm32f1xx_it.o
    0x08003134   0x00000004   Code   RO          301    i.UsageFault_Handler  stm32f1xx_it.o
    0x08003138   0x00000010   Code   RO         1231    i.__NVIC_GetPriorityGrouping  stm32f1xx_hal_cortex.o
    0x08003148   0x00000028   Code   RO         1232    i.__NVIC_SetPriority  stm32f1xx_hal_cortex.o
    0x08003170   0x0000000e   Code   RO         5095    i.__scatterload_copy  mc_w.l(handlers.o)
    0x0800317e   0x00000002   Code   RO         5096    i.__scatterload_null  mc_w.l(handlers.o)
    0x08003180   0x0000000e   Code   RO         5097    i.__scatterload_zeroinit  mc_w.l(handlers.o)
    0x0800318e   0x00000002   PAD
    0x08003190   0x00000040   Code   RO         3599    i.ad7172_Reset      ad7172-2.o
    0x080031d0   0x00000054   Code   RO         3600    i.ad7172_ini        ad7172-2.o
    0x08003224   0x000000ac   Code   RO         3601    i.ad7172_read       ad7172-2.o
    0x080032d0   0x00000048   Code   RO         3602    i.ad7172_write      ad7172-2.o
    0x08003318   0x00000012   Code   RO         3379    i.arry3_Add_Send_Package  producer.o
    0x0800332a   0x00000024   Code   RO         3380    i.arry3_Compare     producer.o
    0x0800334e   0x00000002   PAD
    0x08003350   0x0000006c   Code   RO         3271    i.arry3_Update_Rx_Data  consumer.o
    0x080033bc   0x00000012   Code   RO         3381    i.arry5_Add_Send_Package  producer.o
    0x080033ce   0x00000034   Code   RO         3382    i.arry5_Compare     producer.o
    0x08003402   0x00000002   PAD
    0x08003404   0x0000006c   Code   RO         3272    i.arry5_Update_Rx_Data  consumer.o
    0x08003470   0x00000012   Code   RO         3383    i.arry6_Add_Send_Package  producer.o
    0x08003482   0x0000003c   Code   RO         3384    i.arry6_Compare     producer.o
    0x080034be   0x00000002   PAD
    0x080034c0   0x0000006c   Code   RO         3273    i.arry6_Update_Rx_Data  consumer.o
    0x0800352c   0x00000032   Code   RO         3385    i.arry7_Add_Send_Package  producer.o
    0x0800355e   0x00000044   Code   RO         3386    i.arry7_Compare     producer.o
    0x080035a2   0x00000002   PAD
    0x080035a4   0x00000070   Code   RO         3274    i.arry7_Update_Rx_Data  consumer.o
    0x08003614   0x00000012   Code   RO         3387    i.double_Add_Send_Package  producer.o
    0x08003626   0x00000030   Code   RO         3388    i.double_Compare    producer.o
    0x08003656   0x00000002   PAD
    0x08003658   0x00000070   Code   RO         3275    i.double_Update_Rx_Data  consumer.o
    0x080036c8   0x00000010   Code   RO         3389    i.int16_Add_Send_Package  producer.o
    0x080036d8   0x0000001e   Code   RO         3390    i.int16_Compare     producer.o
    0x080036f6   0x00000002   PAD
    0x080036f8   0x00000068   Code   RO         3276    i.int16_Update_Rx_Data  consumer.o
    0x08003760   0x00000010   Code   RO         3391    i.int32_Add_Send_Package  producer.o
    0x08003770   0x0000001a   Code   RO         3392    i.int32_Compare     producer.o
    0x0800378a   0x00000002   PAD
    0x0800378c   0x00000068   Code   RO         3277    i.int32_Update_Rx_Data  consumer.o
    0x080037f4   0x00000010   Code   RO         3393    i.int8_Add_Send_Package  producer.o
    0x08003804   0x0000001e   Code   RO         3394    i.int8_Compare      producer.o
    0x08003822   0x00000002   PAD
    0x08003824   0x00000064   Code   RO         3278    i.int8_Update_Rx_Data  consumer.o
    0x08003888   0x00000080   Code   RO           23    i.main              main.o
    0x08003908   0x0000000e   Code   RO         4542    i.makeFreeRtosPriority  cmsis_os.o
    0x08003916   0x00000018   Code   RO         4544    i.osDelay           cmsis_os.o
    0x0800392e   0x0000000a   Code   RO         4547    i.osKernelStart     cmsis_os.o
    0x08003938   0x0000005e   Code   RO         4581    i.osThreadCreate    cmsis_os.o
    0x08003996   0x00000002   PAD
    0x08003998   0x00000098   Code   RO         4228    i.prvAddCurrentTaskToDelayedList  tasks.o
    0x08003a30   0x000000b4   Code   RO         4229    i.prvAddNewTaskToReadyList  tasks.o
    0x08003ae4   0x00000048   Code   RO         4230    i.prvCheckTasksWaitingTermination  tasks.o
    0x08003b2c   0x00000050   Code   RO         4231    i.prvDeleteTCB      tasks.o
    0x08003b7c   0x0000007c   Code   RO         4909    i.prvHeapInit       heap_4.o
    0x08003bf8   0x00000028   Code   RO         4232    i.prvIdleTask       tasks.o
    0x08003c20   0x000000aa   Code   RO         4233    i.prvInitialiseNewTask  tasks.o
    0x08003cca   0x00000002   PAD
    0x08003ccc   0x00000068   Code   RO         4234    i.prvInitialiseTaskLists  tasks.o
    0x08003d34   0x00000068   Code   RO         4910    i.prvInsertBlockIntoFreeList  heap_4.o
    0x08003d9c   0x00000034   Code   RO         4235    i.prvResetNextTaskUnblockTime  tasks.o
    0x08003dd0   0x00000040   Code   RO         4972    i.prvTaskExitError  port.o
    0x08003e10   0x0000013c   Code   RO         4911    i.pvPortMalloc      heap_4.o
    0x08003f4c   0x00000024   Code   RO         4973    i.pxPortInitialiseStack  port.o
    0x08003f70   0x00000010   Code   RO         3395    i.real_Add_Send_Package  producer.o
    0x08003f80   0x00000026   Code   RO         3396    i.real_Compare      producer.o
    0x08003fa6   0x00000002   PAD
    0x08003fa8   0x00000068   Code   RO         3279    i.real_Update_Rx_Data  consumer.o
    0x08004010   0x00000010   Code   RO         3397    i.uint16_Add_Send_Package  producer.o
    0x08004020   0x0000001a   Code   RO         3398    i.uint16_Compare    producer.o
    0x0800403a   0x00000002   PAD
    0x0800403c   0x00000068   Code   RO         3280    i.uint16_Update_Rx_Data  consumer.o
    0x080040a4   0x00000010   Code   RO         3399    i.uint32_Add_Send_Package  producer.o
    0x080040b4   0x0000001a   Code   RO         3400    i.uint32_Compare    producer.o
    0x080040ce   0x00000002   PAD
    0x080040d0   0x00000068   Code   RO         3281    i.uint32_Update_Rx_Data  consumer.o
    0x08004138   0x00000010   Code   RO         3401    i.uint8_Add_Send_Package  producer.o
    0x08004148   0x0000001a   Code   RO         3402    i.uint8_Compare     producer.o
    0x08004162   0x00000002   PAD
    0x08004164   0x00000064   Code   RO         3282    i.uint8_Update_Rx_Data  consumer.o
    0x080041c8   0x00000028   Code   RO         3863    i.uxListRemove      list.o
    0x080041f0   0x00000018   Code   RO          259    i.vApplicationGetIdleTaskMemory  freertos.o
    0x08004208   0x0000001a   Code   RO         3864    i.vListInitialise   list.o
    0x08004222   0x00000006   Code   RO         3865    i.vListInitialiseItem  list.o
    0x08004228   0x00000034   Code   RO         3866    i.vListInsert       list.o
    0x0800425c   0x00000018   Code   RO         3867    i.vListInsertEnd    list.o
    0x08004274   0x00000054   Code   RO         4975    i.vPortEnterCritical  port.o
    0x080042c8   0x0000003c   Code   RO         4976    i.vPortExitCritical  port.o
    0x08004304   0x00000094   Code   RO         4912    i.vPortFree         heap_4.o
    0x08004398   0x00000028   Code   RO         4977    i.vPortSetupTimerInterrupt  port.o
    0x080043c0   0x0000005c   Code   RO         4243    i.vTaskDelay        tasks.o
    0x0800441c   0x000000b0   Code   RO         4256    i.vTaskStartScheduler  tasks.o
    0x080044cc   0x00000010   Code   RO         4258    i.vTaskSuspendAll   tasks.o
    0x080044dc   0x0000008c   Code   RO         4259    i.vTaskSwitchContext  tasks.o
    0x08004568   0x000000f8   Code   RO         4979    i.xPortStartScheduler  port.o
    0x08004660   0x00000064   Code   RO         4261    i.xTaskCreate       tasks.o
    0x080046c4   0x000000b8   Code   RO         4262    i.xTaskCreateStatic  tasks.o
    0x0800477c   0x00000148   Code   RO         4269    i.xTaskIncrementTick  tasks.o
    0x080048c4   0x00000104   Code   RO         4275    i.xTaskResumeAll    tasks.o
    0x080049c8   0x00000054   Data   RO           25    .constdata          main.o
    0x08004a1c   0x00000018   Data   RO         3052    .constdata          system_stm32f1xx.o
    0x08004a34   0x0000000c   Data   RO         3404    .constdata          producer.o
    0x08004a40   0x000007d0   Data   RO         3577    .constdata          dictionary.o
    0x08005210   0x00000030   Data   RO           26    .conststring        main.o
    0x08005240   0x00000020   Data   RO         5093    Region$$Table       anon$$obj.o


    Execution Region RW_IRAM1 (Base: 0x20000000, Size: 0x00002fa8, Max: 0x00005000, ABSOLUTE, COMPRESSED[0x00000094])

    Base Addr    Size         Type   Attr      Idx    E Section Name        Object

    0x20000000   0x00000010   Data   RW           27    .data               main.o
    0x20000010   0x00000009   Data   RW          763    .data               stm32f1xx_hal.o
    0x20000019   0x00000003   PAD
    0x2000001c   0x00000004   Data   RW         3053    .data               system_stm32f1xx.o
    0x20000020   0x00000004   Data   RW         3103    .data               callback.o
    0x20000024   0x00000030   Data   RW         3284    .data               consumer.o
    0x20000054   0x00000060   Data   RW         3405    .data               producer.o
    0x200000b4   0x000000fc   Data   RW         3578    .data               dictionary.o
    0x200001b0   0x00000021   Data   RW         3653    .data               dataout.o
    0x200001d1   0x00000003   PAD
    0x200001d4   0x00000006   Data   RW         3707    .data               dev_ini.o
    0x200001da   0x00000002   PAD
    0x200001dc   0x0000003c   Data   RW         4278    .data               tasks.o
    0x20000218   0x00000018   Data   RW         4917    .data               heap_4.o
    0x20000230   0x0000000c   Data   RW         4980    .data               port.o
    0x2000023c   0x000000c8   Zero   RW           24    .bss                main.o
    0x20000304   0x00000254   Zero   RW          260    .bss                freertos.o
    0x20000558   0x00000048   Zero   RW          432    .bss                stm32f1xx_hal_timebase_tim.o
    0x200005a0   0x00000fa8   Zero   RW         3283    .bss                consumer.o
    0x20001548   0x000007e0   Zero   RW         3403    .bss                producer.o
    0x20001d28   0x00000190   Zero   RW         3576    .bss                dictionary.o
    0x20001eb8   0x000000f0   Zero   RW         4277    .bss                tasks.o
    0x20001fa8   0x00000c00   Zero   RW         4916    .bss                heap_4.o
    0x20002ba8   0x00000400   Zero   RW            1    STACK               startup_stm32f103xb.o


==============================================================================

Image component sizes


      Code (inc. data)   RO Data    RW Data    ZI Data      Debug   Object Name

       392         36          0          0          0       6502   ad7172-2.o
        36          4          0          4          0       6894   callback.o
       344         12          0          0          0       2585   can_filter_init.o
       142          0          0          0          0      22051   cmsis_os.o
      1636        142          0         48       4008      11525   consumer.o
       496         44          0         33          0       2680   dataout.o
       140         24          0          6          0        917   dev_ini.o
         0          0       2000        252        400        998   dictionary.o
         0          0          0          0          0      18176   event_groups.o
        24         10          0          0        596       1228   freertos.o
       692         62          0         24       3072       7203   heap_4.o
       148          0          0          0          0       3390   list.o
       904         78        132         16        200     472901   main.o
       734         64          0         12          0      10356   port.o
      1432         52         12         96       2016      17694   producer.o
        36          8        236          0       1024        800   startup_stm32f103xb.o
       116         24          0          9          0       5222   stm32f1xx_hal.o
      2106          0          0          0          0      13059   stm32f1xx_hal_can.o
       252         22          0          0          0      28646   stm32f1xx_hal_cortex.o
       848         34          0          0          0       3916   stm32f1xx_hal_gpio.o
       448         46          0          0          0       2877   stm32f1xx_hal_msp.o
      1820        110          0          0          0       6050   stm32f1xx_hal_rcc.o
      1918          6          0          0          0       7554   stm32f1xx_hal_spi.o
      1134         26          0          0          0       9111   stm32f1xx_hal_tim.o
       136         14          0          0          0       2381   stm32f1xx_hal_tim_ex.o
       132         12          0          0         72       1447   stm32f1xx_hal_timebase_tim.o
        70         18          0          0          0       3985   stm32f1xx_it.o
         0          0          0          0          0        384   stream_buffer.o
         2          0         24          4          0       1107   system_stm32f1xx.o
      2146        270          0         60        240      16893   tasks.o

    ----------------------------------------------------------------------
     18338       1118       2436        572      11628     688532   Object Totals
         0          0         32          0          0          0   (incl. Generated)
        54          0          0          8          0          0   (incl. Padding)

    ----------------------------------------------------------------------

      Code (inc. data)   RO Data    RW Data    ZI Data      Debug   Library Member Name

        86          0          0          0          0          0   __dczerorl2.o
         0          0          0          0          0          0   entry.o
         0          0          0          0          0          0   entry10a.o
         0          0          0          0          0          0   entry11a.o
         8          4          0          0          0          0   entry2.o
         4          0          0          0          0          0   entry5.o
         0          0          0          0          0          0   entry7b.o
         0          0          0          0          0          0   entry8b.o
         8          4          0          0          0          0   entry9a.o
        30          0          0          0          0          0   handlers.o
        36          8          0          0          0         68   init.o
         0          0          0          0          0          0   iusefp.o
        36          0          0          0          0         68   memcpya.o
        36          0          0          0          0        108   memseta.o
        48          0          0          0          0         68   cdcmple.o
        20          0          0          0          0         68   cfcmple.o

    ----------------------------------------------------------------------
       314         16          0          0          0        380   Library Totals
         2          0          0          0          0          0   (incl. Padding)

    ----------------------------------------------------------------------

      Code (inc. data)   RO Data    RW Data    ZI Data      Debug   Library Name

       244         16          0          0          0        244   mc_w.l
        68          0          0          0          0        136   mf_w.l

    ----------------------------------------------------------------------
       314         16          0          0          0        380   Library Totals

    ----------------------------------------------------------------------

==============================================================================


      Code (inc. data)   RO Data    RW Data    ZI Data      Debug   

     18652       1134       2436        572      11628     679316   Grand Totals
     18652       1134       2436        148      11628     679316   ELF Image Totals (compressed)
     18652       1134       2436        148          0          0   ROM Totals

==============================================================================

    Total RO  Size (Code + RO Data)                21088 (  20.59kB)
    Total RW  Size (RW Data + ZI Data)             12200 (  11.91kB)
    Total ROM Size (Code + RO Data + RW Data)      21236 (  20.74kB)

==============================================================================

